Component: ARM Compiler 5.06 update 6 (build 750) Tool: armlink [4d35ed]

==============================================================================

Section Cross References

    startup_stm32f746xx.o(RESET) refers to startup_stm32f746xx.o(STACK) for __initial_sp
    startup_stm32f746xx.o(RESET) refers to startup_stm32f746xx.o(.text) for Reset_Handler
    startup_stm32f746xx.o(RESET) refers to port.o(.emb_text) for SVC_Handler
    startup_stm32f746xx.o(RESET) refers to stm32f7xx_it.o(i.SysTick_Handler) for SysTick_Handler
    startup_stm32f746xx.o(RESET) refers to stm32f7xx_it.o(i.TIM1_UP_TIM10_IRQHandler) for TIM1_UP_TIM10_IRQHandler
    startup_stm32f746xx.o(RESET) refers to stm32f7xx_it.o(i.ETH_IRQHandler) for ETH_IRQHandler
    startup_stm32f746xx.o(.text) refers to system_stm32f7xx.o(i.SystemInit) for SystemInit
    startup_stm32f746xx.o(.text) refers to entry.o(.ARM.Collect$$$$00000000) for __main
    main.o(i.HAL_TIM_PeriodElapsedCallback) refers to stm32f7xx_hal.o(i.HAL_IncTick) for HAL_IncTick
    main.o(i.MX_GPIO_Init) refers to stm32f7xx_hal_gpio.o(i.HAL_GPIO_Init) for HAL_GPIO_Init
    main.o(i.MX_GPIO_Init) refers to stm32f7xx_hal_gpio.o(i.HAL_GPIO_WritePin) for HAL_GPIO_WritePin
    main.o(i.MX_USART3_UART_Init) refers to stm32f7xx_hal_uart.o(i.HAL_UART_Init) for HAL_UART_Init
    main.o(i.MX_USART3_UART_Init) refers to main.o(.bss) for .bss
    main.o(i.MX_USB_OTG_FS_PCD_Init) refers to stm32f7xx_hal_pcd.o(i.HAL_PCD_Init) for HAL_PCD_Init
    main.o(i.MX_USB_OTG_FS_PCD_Init) refers to main.o(.bss) for .bss
    main.o(i.StartDefaultTask) refers to lwip.o(i.MX_LWIP_Init) for MX_LWIP_Init
    main.o(i.StartDefaultTask) refers to cmsis_os.o(i.osDelay) for osDelay
    main.o(i.SystemClock_Config) refers to stm32f7xx_hal_rcc.o(i.HAL_RCC_OscConfig) for HAL_RCC_OscConfig
    main.o(i.SystemClock_Config) refers to stm32f7xx_hal_pwr_ex.o(i.HAL_PWREx_EnableOverDrive) for HAL_PWREx_EnableOverDrive
    main.o(i.SystemClock_Config) refers to stm32f7xx_hal_rcc.o(i.HAL_RCC_ClockConfig) for HAL_RCC_ClockConfig
    main.o(i.SystemClock_Config) refers to stm32f7xx_hal_rcc_ex.o(i.HAL_RCCEx_PeriphCLKConfig) for HAL_RCCEx_PeriphCLKConfig
    main.o(i.SystemClock_Config) refers to stm32f7xx_hal_rcc.o(i.HAL_RCC_GetHCLKFreq) for HAL_RCC_GetHCLKFreq
    main.o(i.SystemClock_Config) refers to stm32f7xx_hal_cortex.o(i.HAL_SYSTICK_Config) for HAL_SYSTICK_Config
    main.o(i.SystemClock_Config) refers to stm32f7xx_hal_cortex.o(i.HAL_SYSTICK_CLKSourceConfig) for HAL_SYSTICK_CLKSourceConfig
    main.o(i.SystemClock_Config) refers to stm32f7xx_hal_cortex.o(i.HAL_NVIC_SetPriority) for HAL_NVIC_SetPriority
    main.o(i.main) refers to stm32f7xx_hal.o(i.HAL_Init) for HAL_Init
    main.o(i.main) refers to main.o(i.SystemClock_Config) for SystemClock_Config
    main.o(i.main) refers to main.o(i.MX_GPIO_Init) for MX_GPIO_Init
    main.o(i.main) refers to main.o(i.MX_USART3_UART_Init) for MX_USART3_UART_Init
    main.o(i.main) refers to main.o(i.MX_USB_OTG_FS_PCD_Init) for MX_USB_OTG_FS_PCD_Init
    main.o(i.main) refers to memcpya.o(.text) for __aeabi_memcpy4
    main.o(i.main) refers to cmsis_os.o(i.osThreadCreate) for osThreadCreate
    main.o(i.main) refers to cmsis_os.o(i.osKernelStart) for osKernelStart
    main.o(i.main) refers to main.o(.constdata) for .constdata
    main.o(i.main) refers to main.o(.data) for .data
    main.o(.constdata) refers to main.o(.conststring) for .conststring
    main.o(.constdata) refers to main.o(i.StartDefaultTask) for StartDefaultTask
    lwip.o(i.MX_LWIP_Init) refers to tcpip.o(i.tcpip_init) for tcpip_init
    lwip.o(i.MX_LWIP_Init) refers to netif.o(i.netif_add) for netif_add
    lwip.o(i.MX_LWIP_Init) refers to netif.o(i.netif_set_default) for netif_set_default
    lwip.o(i.MX_LWIP_Init) refers to netif.o(i.netif_set_up) for netif_set_up
    lwip.o(i.MX_LWIP_Init) refers to stm32f7xx_hal_gpio.o(i.HAL_GPIO_WritePin) for HAL_GPIO_WritePin
    lwip.o(i.MX_LWIP_Init) refers to netif.o(i.netif_set_down) for netif_set_down
    lwip.o(i.MX_LWIP_Init) refers to lwip.o(.data) for .data
    lwip.o(i.MX_LWIP_Init) refers to tcpip.o(i.tcpip_input) for tcpip_input
    lwip.o(i.MX_LWIP_Init) refers to ethernetif.o(i.ethernetif_init) for ethernetif_init
    lwip.o(i.MX_LWIP_Init) refers to lwip.o(.bss) for .bss
    ethernetif.o(i.HAL_ETH_MspDeInit) refers to stm32f7xx_hal_gpio.o(i.HAL_GPIO_DeInit) for HAL_GPIO_DeInit
    ethernetif.o(i.HAL_ETH_MspDeInit) refers to stm32f7xx_hal_cortex.o(i.HAL_NVIC_DisableIRQ) for HAL_NVIC_DisableIRQ
    ethernetif.o(i.HAL_ETH_MspInit) refers to stm32f7xx_hal_gpio.o(i.HAL_GPIO_Init) for HAL_GPIO_Init
    ethernetif.o(i.HAL_ETH_MspInit) refers to stm32f7xx_hal_cortex.o(i.HAL_NVIC_SetPriority) for HAL_NVIC_SetPriority
    ethernetif.o(i.HAL_ETH_MspInit) refers to stm32f7xx_hal_cortex.o(i.HAL_NVIC_EnableIRQ) for HAL_NVIC_EnableIRQ
    ethernetif.o(i.HAL_ETH_RxCpltCallback) refers to cmsis_os.o(i.osSemaphoreRelease) for osSemaphoreRelease
[...]
    .bss                                     0x20008494   Section      256  memp.o(.bss)
    .bss                                     0x20008594   Section     9728  memp.o(.bss)
    .bss                                     0x2000ab94   Section       16  tcp_in.o(.bss)
    inseg                                    0x2000ab94   Data          16  tcp_in.o(.bss)
    .bss                                     0x2000aba4   Section       24  ip4.o(.bss)
    STACK                                    0x2000abc0   Section     1024  startup_stm32f746xx.o(STACK)

    Global Symbols

    Symbol Name                              Value     Ov Type        Size  Object(Section)

    BuildAttributes$$THM_ISAv4$E$P$D$K$B$S$7EM$VFPi5$EXTD16$VFPS$VFMA$PE$PLD8$A:L22UL41UL21$X:L11$S22US41US21$IEEE1$IW$USESV6$~STKCKD$USESV7$~SHL$OSPACE$EBA8$MICROLIB$REQ8$PRES8$EABIv2 0x00000000   Number         0  anon$$obj.o ABSOLUTE
    __ARM_use_no_argv                        0x00000000   Number         0  main.o ABSOLUTE
    __cpp_initialize__aeabi_                  - Undefined Weak Reference
    __cxa_finalize                            - Undefined Weak Reference
    _clock_init                               - Undefined Weak Reference
    _microlib_exit                            - Undefined Weak Reference
    __Vectors_Size                           0x000001c8   Number         0  startup_stm32f746xx.o ABSOLUTE
    __Vectors                                0x08000000   Data           4  startup_stm32f746xx.o(RESET)
    __Vectors_End                            0x080001c8   Data           0  startup_stm32f746xx.o(RESET)
    __main                                   0x080001c9   Thumb Code     0  entry.o(.ARM.Collect$$$$00000000)
    _main_stk                                0x080001c9   Thumb Code     0  entry2.o(.ARM.Collect$$$$00000001)
    _main_scatterload                        0x080001cd   Thumb Code     0  entry5.o(.ARM.Collect$$$$00000004)
    __main_after_scatterload                 0x080001d1   Thumb Code     0  entry5.o(.ARM.Collect$$$$00000004)
    _main_clock                              0x080001d1   Thumb Code     0  entry7b.o(.ARM.Collect$$$$00000008)
    _main_cpp_init                           0x080001d1   Thumb Code     0  entry8b.o(.ARM.Collect$$$$0000000A)
    _main_init                               0x080001d1   Thumb Code     0  entry9a.o(.ARM.Collect$$$$0000000B)
    __rt_final_cpp                           0x080001d9   Thumb Code     0  entry10a.o(.ARM.Collect$$$$0000000D)
    __rt_final_exit                          0x080001d9   Thumb Code     0  entry11a.o(.ARM.Collect$$$$0000000F)
    SVC_Handler                              0x080001dd   Thumb Code    28  port.o(.emb_text)
    __asm___6_port_c_39a90d8d__prvStartFirstTask 0x080001fd   Thumb Code    28  port.o(.emb_text)
    __asm___6_port_c_39a90d8d__prvEnableVFP  0x0800021d   Thumb Code    16  port.o(.emb_text)
    PendSV_Handler                           0x08000231   Thumb Code    92  port.o(.emb_text)
    vPortGetIPSR                             0x08000291   Thumb Code     6  port.o(.emb_text)
    Reset_Handler                            0x08000299   Thumb Code     8  startup_stm32f746xx.o(.text)
    NMI_Handler                              0x080002a1   Thumb Code     2  startup_stm32f746xx.o(.text)
    HardFault_Handler                        0x080002a3   Thumb Code     2  startup_stm32f746xx.o(.text)
    MemManage_Handler                        0x080002a5   Thumb Code     2  startup_stm32f746xx.o(.text)
    BusFault_Handler                         0x080002a7   Thumb Code     2  startup_stm32f746xx.o(.text)
    UsageFault_Handler                       0x080002a9   Thumb Code     2  startup_stm32f746xx.o(.text)
    DebugMon_Handler                         0x080002ad   Thumb Code     2  startup_stm32f746xx.o(.text)
    ADC_IRQHandler                           0x080002b3   Thumb Code     0  startup_stm32f746xx.o(.text)
    CAN1_RX0_IRQHandler                      0x080002b3   Thumb Code     0  startup_stm32f746xx.o(.text)
    CAN1_RX1_IRQHandler                      0x080002b3   Thumb Code     0  startup_stm32f746xx.o(.text)
    CAN1_SCE_IRQHandler                      0x080002b3   Thumb Code     0  startup_stm32f746xx.o(.text)
    CAN1_TX_IRQHandler                       0x080002b3   Thumb Code     0  startup_stm32f746xx.o(.text)
    CAN2_RX0_IRQHandler                      0x080002b3   Thumb Code     0  startup_stm32f746xx.o(.text)
    CAN2_RX1_IRQHandler                      0x080002b3   Thumb Code     0  startup_stm32f746xx.o(.text)
    CAN2_SCE_IRQHandler                      0x080002b3   Thumb Code     0  startup_stm32f746xx.o(.text)
    CAN2_TX_IRQHandler                       0x080002b3   Thumb Code     0  startup_stm32f746xx.o(.text)
    CEC_IRQHandler                           0x080002b3   Thumb Code     0  startup_stm32f746xx.o(.text)
    DCMI_IRQHandler                          0x080002b3   Thumb Code     0  startup_stm32f746xx.o(.text)
    DMA1_Stream0_IRQHandler                  0x080002b3   Thumb Code     0  startup_stm32f746xx.o(.text)
    DMA1_Stream1_IRQHandler                  0x080002b3   Thumb Code     0  startup_stm32f746xx.o(.text)
    DMA1_Stream2_IRQHandler                  0x080002b3   Thumb Code     0  startup_stm32f746xx.o(.text)
    DMA1_Stream3_IRQHandler                  0x080002b3   Thumb Code     0  startup_stm32f746xx.o(.text)
    DMA1_Stream4_IRQHandler                  0x080002b3   Thumb Code     0  startup_stm32f746xx.o(.text)
    DMA1_Stream5_IRQHandler                  0x080002b3   Thumb Code     0  startup_stm32f746xx.o(.text)
    DMA1_Stream6_IRQHandler                  0x080002b3   Thumb Code     0  startup_stm32f746xx.o(.text)
    DMA1_Stream7_IRQHandler                  0x080002b3   Thumb Code     0  startup_stm32f746xx.o(.text)
    DMA2D_IRQHandler                         0x080002b3   Thumb Code     0  startup_stm32f746xx.o(.text)
    DMA2_Stream0_IRQHandler                  0x080002b3   Thumb Code     0  startup_stm32f746xx.o(.text)
    DMA2_Stream1_IRQHandler                  0x080002b3   Thumb Code     0  startup_stm32f746xx.o(.text)
    DMA2_Stream2_IRQHandler                  0x080002b3   Thumb Code     0  startup_stm32f746xx.o(.text)
    DMA2_Stream3_IRQHandler                  0x080002b3   Thumb Code     0  startup_stm32f746xx.o(.text)
    DMA2_Stream4_IRQHandler                  0x080002b3   Thumb Code     0  startup_stm32f746xx.o(.text)
    DMA2_Stream5_IRQHandler                  0x080002b3   Thumb Code     0  startup_stm32f746xx.o(.text)
    DMA2_Stream6_IRQHandler                  0x080002b3   Thumb Code     0  startup_stm32f746xx.o(.text)
    DMA2_Stream7_IRQHandler                  0x080002b3   Thumb Code     0  startup_stm32f746xx.o(.text)
    ETH_WKUP_IRQHandler                      0x080002b3   Thumb Code     0  startup_stm32f746xx.o(.text)
    EXTI0_IRQHandler                         0x080002b3   Thumb Code     0  startup_stm32f746xx.o(.text)
    EXTI15_10_IRQHandler                     0x080002b3   Thumb Code     0  startup_stm32f746xx.o(.text)
    EXTI1_IRQHandler                         0x080002b3   Thumb Code     0  startup_stm32f746xx.o(.text)
    EXTI2_IRQHandler                         0x080002b3   Thumb Code     0  startup_stm32f746xx.o(.text)
    EXTI3_IRQHandler                         0x080002b3   Thumb Code     0  startup_stm32f746xx.o(.text)
    EXTI4_IRQHandler                         0x080002b3   Thumb Code     0  startup_stm32f746xx.o(.text)
    EXTI9_5_IRQHandler                       0x080002b3   Thumb Code     0  startup_stm32f746xx.o(.text)
    FLASH_IRQHandler                         0x080002b3   Thumb Code     0  startup_stm32f746xx.o(.text)
    FMC_IRQHandler                           0x080002b3   Thumb Code     0  startup_stm32f746xx.o(.text)
    FPU_IRQHandler                           0x080002b3   Thumb Code     0  startup_stm32f746xx.o(.text)
    I2C1_ER_IRQHandler                       0x080002b3   Thumb Code     0  startup_stm32f746xx.o(.text)
    I2C1_EV_IRQHandler                       0x080002b3   Thumb Code     0  startup_stm32f746xx.o(.text)
    I2C2_ER_IRQHandler                       0x080002b3   Thumb Code     0  startup_stm32f746xx.o(.text)
    I2C2_EV_IRQHandler                       0x080002b3   Thumb Code     0  startup_stm32f746xx.o(.text)
    I2C3_ER_IRQHandler                       0x080002b3   Thumb Code     0  startup_stm32f746xx.o(.text)
    I2C3_EV_IRQHandler                       0x080002b3   Thumb Code     0  startup_stm32f746xx.o(.text)
    I2C4_ER_IRQHandler                       0x080002b3   Thumb Code     0  startup_stm32f746xx.o(.text)
    I2C4_EV_IRQHandler                       0x080002b3   Thumb Code     0  startup_stm32f746xx.o(.text)
    LPTIM1_IRQHandler                        0x080002b3   Thumb Code     0  startup_stm32f746xx.o(.text)
    LTDC_ER_IRQHandler                       0x080002b3   Thumb Code     0  startup_stm32f746xx.o(.text)
    LTDC_IRQHandler                          0x080002b3   Thumb Code     0  startup_stm32f746xx.o(.text)
    OTG_FS_IRQHandler                        0x080002b3   Thumb Code     0  startup_stm32f746xx.o(.text)
    OTG_FS_WKUP_IRQHandler                   0x080002b3   Thumb Code     0  startup_stm32f746xx.o(.text)
    OTG_HS_EP1_IN_IRQHandler                 0x080002b3   Thumb Code     0  startup_stm32f746xx.o(.text)
    OTG_HS_EP1_OUT_IRQHandler                0x080002b3   Thumb Code     0  startup_stm32f746xx.o(.text)
    OTG_HS_IRQHandler                        0x080002b3   Thumb Code     0  startup_stm32f746xx.o(.text)
    OTG_HS_WKUP_IRQHandler                   0x080002b3   Thumb Code     0  startup_stm32f746xx.o(.text)
    PVD_IRQHandler                           0x080002b3   Thumb Code     0  startup_stm32f746xx.o(.text)
    QUADSPI_IRQHandler                       0x080002b3   Thumb Code     0  startup_stm32f746xx.o(.text)
    RCC_IRQHandler                           0x080002b3   Thumb Code     0  startup_stm32f746xx.o(.text)
    RNG_IRQHandler                           0x080002b3   Thumb Code     0  startup_stm32f746xx.o(.text)
    RTC_Alarm_IRQHandler                     0x080002b3   Thumb Code     0  startup_stm32f746xx.o(.text)
    RTC_WKUP_IRQHandler                      0x080002b3   Thumb Code     0  startup_stm32f746xx.o(.text)
    SAI1_IRQHandler                          0x080002b3   Thumb Code     0  startup_stm32f746xx.o(.text)
    SAI2_IRQHandler                          0x080002b3   Thumb Code     0  startup_stm32f746xx.o(.text)
    SDMMC1_IRQHandler                        0x080002b3   Thumb Code     0  startup_stm32f746xx.o(.text)
    SPDIF_RX_IRQHandler                      0x080002b3   Thumb Code     0  startup_stm32f746xx.o(.text)
    SPI1_IRQHandler                          0x080002b3   Thumb Code     0  startup_stm32f746xx.o(.text)
    SPI2_IRQHandler                          0x080002b3   Thumb Code     0  startup_stm32f746xx.o(.text)
    SPI3_IRQHandler                          0x080002b3   Thumb Code     0  startup_stm32f746xx.o(.text)
    SPI4_IRQHandler                          0x080002b3   Thumb Code     0  startup_stm32f746xx.o(.text)
    SPI5_IRQHandler                          0x080002b3   Thumb Code     0  startup_stm32f746xx.o(.text)
    SPI6_IRQHandler                          0x080002b3   Thumb Code     0  startup_stm32f746xx.o(.text)
    TAMP_STAMP_IRQHandler                    0x080002b3   Thumb Code     0  startup_stm32f746xx.o(.text)
    TIM1_BRK_TIM9_IRQHandler                 0x080002b3   Thumb Code     0  startup_stm32f746xx.o(.text)
    TIM1_CC_IRQHandler                       0x080002b3   Thumb Code     0  startup_stm32f746xx.o(.text)
    TIM1_TRG_COM_TIM11_IRQHandler            0x080002b3   Thumb Code     0  startup_stm32f746xx.o(.text)
    TIM2_IRQHandler                          0x080002b3   Thumb Code     0  startup_stm32f746xx.o(.text)
    TIM3_IRQHandler                          0x080002b3   Thumb Code     0  startup_stm32f746xx.o(.text)
    TIM4_IRQHandler                          0x080002b3   Thumb Code     0  startup_stm32f746xx.o(.text)
    TIM5_IRQHandler                          0x080002b3   Thumb Code     0  startup_stm32f746xx.o(.text)
    TIM6_DAC_IRQHandler                      0x080002b3   Thumb Code     0  startup_stm32f746xx.o(.text)
    TIM7_IRQHandler                          0x080002b3   Thumb Code     0  startup_stm32f746xx.o(.text)
    TIM8_BRK_TIM12_IRQHandler                0x080002b3   Thumb Code     0  startup_stm32f746xx.o(.text)
    TIM8_CC_IRQHandler                       0x080002b3   Thumb Code     0  startup_stm32f746xx.o(.text)
    TIM8_TRG_COM_TIM14_IRQHandler            0x080002b3   Thumb Code     0  startup_stm32f746xx.o(.text)
    TIM8_UP_TIM13_IRQHandler                 0x080002b3   Thumb Code     0  startup_stm32f746xx.o(.text)
    UART4_IRQHandler                         0x080002b3   Thumb Code     0  startup_stm32f746xx.o(.text)
    UART5_IRQHandler                         0x080002b3   Thumb Code     0  startup_stm32f746xx.o(.text)
    UART7_IRQHandler                         0x080002b3   Thumb Code     0  startup_stm32f746xx.o(.text)
    UART8_IRQHandler                         0x080002b3   Thumb Code     0  startup_stm32f746xx.o(.text)
    USART1_IRQHandler                        0x080002b3   Thumb Code     0  startup_stm32f746xx.o(.text)
    USART2_IRQHandler                        0x080002b3   Thumb Code     0  startup_stm32f746xx.o(.text)
    USART3_IRQHandler                        0x080002b3   Thumb Code     0  startup_stm32f746xx.o(.text)
    USART6_IRQHandler                        0x080002b3   Thumb Code     0  startup_stm32f746xx.o(.text)
    WWDG_IRQHandler                          0x080002b3   Thumb Code     0  startup_stm32f746xx.o(.text)
    __aeabi_memcpy                           0x080002bd   Thumb Code    36  memcpya.o(.text)
    __aeabi_memcpy4                          0x080002bd   Thumb Code     0  memcpya.o(.text)
    __aeabi_memcpy8                          0x080002bd   Thumb Code     0  memcpya.o(.text)
    __aeabi_memset                           0x080002e1   Thumb Code    14  memseta.o(.text)
    __aeabi_memset4                          0x080002e1   Thumb Code     0  memseta.o(.text)
    __aeabi_memset8                          0x080002e1   Thumb Code     0  memseta.o(.text)
    __aeabi_memclr                           0x080002ef   Thumb Code     4  memseta.o(.text)
    __aeabi_memclr4                          0x080002ef   Thumb Code     0  memseta.o(.text)
    __aeabi_memclr8                          0x080002ef   Thumb Code     0  memseta.o(.text)
    _memset$wrapper                          0x080002f3   Thumb Code    18  memseta.o(.text)
    memcmp                                   0x08000305   Thumb Code    26  memcmp.o(.text)
    __scatterload                            0x08000321   Thumb Code    28  init.o(.text)
    __scatterload_rt2                        0x08000321   Thumb Code     0  init.o(.text)
    __decompress                             0x08000345   Thumb Code     0  __dczerorl2.o(.text)
    __decompress1                            0x08000345   Thumb Code    86  __dczerorl2.o(.text)
    ETH_IRQHandler                           0x080003c9   Thumb Code     6  stm32f7xx_it.o(i.ETH_IRQHandler)
    HAL_Delay                                0x080004f9   Thumb Code    22  stm32f7xx_hal.o(i.HAL_Delay)
    HAL_ETH_DMARxDescListInit                0x0800050f   Thumb Code   114  stm32f7xx_hal_eth.o(i.HAL_ETH_DMARxDescListInit)
    HAL_ETH_DMATxDescListInit                0x08000581   Thumb Code   120  stm32f7xx_hal_eth.o(i.HAL_ETH_DMATxDescListInit)
    HAL_ETH_ErrorCallback                    0x080005f9   Thumb Code     2  stm32f7xx_hal_eth.o(i.HAL_ETH_ErrorCallback)
    HAL_ETH_GetReceivedFrame_IT              0x080005fb   Thumb Code   140  stm32f7xx_hal_eth.o(i.HAL_ETH_GetReceivedFrame_IT)
    HAL_ETH_IRQHandler                       0x08000687   Thumb Code   122  stm32f7xx_hal_eth.o(i.HAL_ETH_IRQHandler)
    HAL_ETH_Init                             0x08000701   Thumb Code   450  stm32f7xx_hal_eth.o(i.HAL_ETH_Init)
    HAL_ETH_MspInit                          0x080008ed   Thumb Code   148  ethernetif.o(i.HAL_ETH_MspInit)
    HAL_ETH_ReadPHYRegister                  0x08000999   Thumb Code   132  stm32f7xx_hal_eth.o(i.HAL_ETH_ReadPHYRegister)
    HAL_ETH_RxCpltCallback                   0x08000a1d   Thumb Code     8  ethernetif.o(i.HAL_ETH_RxCpltCallback)
    HAL_ETH_Start                            0x08000a29   Thumb Code   132  stm32f7xx_hal_eth.o(i.HAL_ETH_Start)
    HAL_ETH_TransmitFrame                    0x08000aad   Thumb Code   268  stm32f7xx_hal_eth.o(i.HAL_ETH_TransmitFrame)
    HAL_ETH_TxCpltCallback                   0x08000bb9   Thumb Code     2  stm32f7xx_hal_eth.o(i.HAL_ETH_TxCpltCallback)
    HAL_ETH_WritePHYRegister                 0x08000bbb   Thumb Code   120  stm32f7xx_hal_eth.o(i.HAL_ETH_WritePHYRegister)
    HAL_GPIO_Init                            0x08000c35   Thumb Code   422  stm32f7xx_hal_gpio.o(i.HAL_GPIO_Init)
    HAL_GPIO_WritePin                        0x08000e11   Thumb Code    10  stm32f7xx_hal_gpio.o(i.HAL_GPIO_WritePin)
    HAL_GetTick                              0x08000e1d   Thumb Code     6  stm32f7xx_hal.o(i.HAL_GetTick)
    HAL_IncTick                              0x08000e29   Thumb Code    10  stm32f7xx_hal.o(i.HAL_IncTick)
    HAL_Init                                 0x08000e39   Thumb Code    22  stm32f7xx_hal.o(i.HAL_Init)
    HAL_InitTick                             0x08000e51   Thumb Code   100  stm32f7xx_hal_timebase_tim.o(i.HAL_InitTick)
    HAL_MspInit                              0x08000ec5   Thumb Code    88  stm32f7xx_hal_msp.o(i.HAL_MspInit)
    HAL_NVIC_EnableIRQ                       0x08000f1d   Thumb Code    22  stm32f7xx_hal_cortex.o(i.HAL_NVIC_EnableIRQ)
    HAL_NVIC_SetPriority                     0x08000f35   Thumb Code    60  stm32f7xx_hal_cortex.o(i.HAL_NVIC_SetPriority)
    HAL_NVIC_SetPriorityGrouping             0x08000f75   Thumb Code    26  stm32f7xx_hal_cortex.o(i.HAL_NVIC_SetPriorityGrouping)
    HAL_PCDEx_ActivateLPM                    0x08000f99   Thumb Code    34  stm32f7xx_hal_pcd_ex.o(i.HAL_PCDEx_ActivateLPM)
    HAL_PCD_Init                             0x08000fc1   Thumb Code   204  stm32f7xx_hal_pcd.o(i.HAL_PCD_Init)
    HAL_PCD_MspInit                          0x0800108d   Thumb Code    84  stm32f7xx_hal_msp.o(i.HAL_PCD_MspInit)
    HAL_PWREx_EnableOverDrive                0x080010e9   Thumb Code    98  stm32f7xx_hal_pwr_ex.o(i.HAL_PWREx_EnableOverDrive)
    HAL_RCCEx_PeriphCLKConfig                0x08001155   Thumb Code  1656  stm32f7xx_hal_rcc_ex.o(i.HAL_RCCEx_PeriphCLKConfig)
    HAL_RCC_ClockConfig                      0x080017d5   Thumb Code   332  stm32f7xx_hal_rcc.o(i.HAL_RCC_ClockConfig)
    HAL_RCC_GetClockConfig                   0x08001931   Thumb Code    54  stm32f7xx_hal_rcc.o(i.HAL_RCC_GetClockConfig)
    HAL_RCC_GetHCLKFreq                      0x08001971   Thumb Code     6  stm32f7xx_hal_rcc.o(i.HAL_RCC_GetHCLKFreq)
    HAL_RCC_GetPCLK1Freq                     0x0800197d   Thumb Code    34  stm32f7xx_hal_rcc.o(i.HAL_RCC_GetPCLK1Freq)
    HAL_RCC_GetPCLK2Freq                     0x080019ad   Thumb Code    34  stm32f7xx_hal_rcc.o(i.HAL_RCC_GetPCLK2Freq)
    HAL_RCC_GetSysClockFreq                  0x080019dd   Thumb Code   104  stm32f7xx_hal_rcc.o(i.HAL_RCC_GetSysClockFreq)
    HAL_RCC_OscConfig                        0x08001a4d   Thumb Code   774  stm32f7xx_hal_rcc.o(i.HAL_RCC_OscConfig)
    HAL_SYSTICK_CLKSourceConfig              0x08001d5d   Thumb Code    24  stm32f7xx_hal_cortex.o(i.HAL_SYSTICK_CLKSourceConfig)
    HAL_SYSTICK_Config                       0x08001d75   Thumb Code    40  stm32f7xx_hal_cortex.o(i.HAL_SYSTICK_Config)
    HAL_TIMEx_BreakCallback                  0x08001d9d   Thumb Code     2  stm32f7xx_hal_tim_ex.o(i.HAL_TIMEx_BreakCallback)
    HAL_TIMEx_CommutationCallback            0x08001d9f   Thumb Code     2  stm32f7xx_hal_tim_ex.o(i.HAL_TIMEx_CommutationCallback)
    HAL_TIM_Base_Init                        0x08001da1   Thumb Code    48  stm32f7xx_hal_tim.o(i.HAL_TIM_Base_Init)
    HAL_TIM_Base_MspInit                     0x08001dd1   Thumb Code     2  stm32f7xx_hal_tim.o(i.HAL_TIM_Base_MspInit)
    HAL_TIM_Base_Start_IT                    0x08001dd3   Thumb Code    24  stm32f7xx_hal_tim.o(i.HAL_TIM_Base_Start_IT)
    HAL_TIM_IC_CaptureCallback               0x08001deb   Thumb Code     2  stm32f7xx_hal_tim.o(i.HAL_TIM_IC_CaptureCallback)
    HAL_TIM_IRQHandler                       0x08001ded   Thumb Code   384  stm32f7xx_hal_tim.o(i.HAL_TIM_IRQHandler)
    HAL_TIM_OC_DelayElapsedCallback          0x08001f6d   Thumb Code     2  stm32f7xx_hal_tim.o(i.HAL_TIM_OC_DelayElapsedCallback)
    HAL_TIM_PWM_PulseFinishedCallback        0x08001f6f   Thumb Code     2  stm32f7xx_hal_tim.o(i.HAL_TIM_PWM_PulseFinishedCallback)
    HAL_TIM_PeriodElapsedCallback            0x08001f71   Thumb Code    14  main.o(i.HAL_TIM_PeriodElapsedCallback)
    HAL_TIM_TriggerCallback                  0x08001f85   Thumb Code     2  stm32f7xx_hal_tim.o(i.HAL_TIM_TriggerCallback)
    HAL_UART_Init                            0x08001f87   Thumb Code   106  stm32f7xx_hal_uart.o(i.HAL_UART_Init)
    HAL_UART_MspInit                         0x08001ff1   Thumb Code    64  stm32f7xx_hal_msp.o(i.HAL_UART_MspInit)
    MX_LWIP_Init                             0x0800211d   Thumb Code   166  lwip.o(i.MX_LWIP_Init)
    StartDefaultTask                         0x08002269   Thumb Code    12  main.o(i.StartDefaultTask)
    SysTick_Handler                          0x08002275   Thumb Code    20  stm32f7xx_it.o(i.SysTick_Handler)
    SystemClock_Config                       0x08002289   Thumb Code   178  main.o(i.SystemClock_Config)
    SystemInit                               0x08002349   Thumb Code    66  system_stm32f7xx.o(i.SystemInit)
    TIM1_UP_TIM10_IRQHandler                 0x0800239d   Thumb Code     6  stm32f7xx_it.o(i.TIM1_UP_TIM10_IRQHandler)
    TIM_Base_SetConfig                       0x080023a9   Thumb Code   148  stm32f7xx_hal_tim.o(i.TIM_Base_SetConfig)
    UART_AdvFeatureConfig                    0x08002469   Thumb Code   200  stm32f7xx_hal_uart.o(i.UART_AdvFeatureConfig)
    UART_CheckIdleState                      0x08002531   Thumb Code    92  stm32f7xx_hal_uart.o(i.UART_CheckIdleState)
    UART_SetConfig                           0x0800258d   Thumb Code   518  stm32f7xx_hal_uart.o(i.UART_SetConfig)
    UART_WaitOnFlagUntilTimeout              0x080027c5   Thumb Code    98  stm32f7xx_hal_uart.o(i.UART_WaitOnFlagUntilTimeout)
    USB_CoreInit                             0x08002829   Thumb Code   104  stm32f7xx_ll_usb.o(i.USB_CoreInit)
    USB_DevDisconnect                        0x080028c9   Thumb Code    24  stm32f7xx_ll_usb.o(i.USB_DevDisconnect)
    USB_DevInit                              0x080028e1   Thumb Code   322  stm32f7xx_ll_usb.o(i.USB_DevInit)
    USB_DisableGlobalInt                     0x08002a35   Thumb Code    12  stm32f7xx_ll_usb.o(i.USB_DisableGlobalInt)
    USB_FlushRxFifo                          0x08002a41   Thumb Code    28  stm32f7xx_ll_usb.o(i.USB_FlushRxFifo)
    USB_FlushTxFifo                          0x08002a61   Thumb Code    32  stm32f7xx_ll_usb.o(i.USB_FlushTxFifo)
    USB_SetCurrentMode                       0x08002a85   Thumb Code    44  stm32f7xx_ll_usb.o(i.USB_SetCurrentMode)
    __scatterload_copy                       0x08002ab1   Thumb Code    14  handlers.o(i.__scatterload_copy)
    __scatterload_null                       0x08002abf   Thumb Code     2  handlers.o(i.__scatterload_null)
    __scatterload_zeroinit                   0x08002ac1   Thumb Code    14  handlers.o(i.__scatterload_zeroinit)
    etharp_cleanup_netif                     0x08002bb5   Thumb Code    42  etharp.o(i.etharp_cleanup_netif)
    etharp_output                            0x08002cf9   Thumb Code   236  etharp.o(i.etharp_output)
    etharp_query                             0x08002e4d   Thumb Code   230  etharp.o(i.etharp_query)
    etharp_request                           0x08002fdd   Thumb Code     6  etharp.o(i.etharp_request)
    etharp_tmr                               0x08003029   Thumb Code    90  etharp.o(i.etharp_tmr)
    ethernet_input                           0x08003109   Thumb Code   144  etharp.o(i.ethernet_input)
    ethernetif_init                          0x0800319d   Thumb Code    30  ethernetif.o(i.ethernetif_init)
    ethernetif_input                         0x080031c5   Thumb Code    48  ethernetif.o(i.ethernetif_input)
    icmp_dest_unreach                        0x080031f9   Thumb Code     8  icmp.o(i.icmp_dest_unreach)
    icmp_input                               0x08003201   Thumb Code   222  icmp.o(i.icmp_input)
    icmp_time_exceeded                       0x08003351   Thumb Code     8  icmp.o(i.icmp_time_exceeded)
    ip4_addr_isbroadcast_u32                 0x08003365   Thumb Code    46  ip4_addr.o(i.ip4_addr_isbroadcast_u32)
    ip4_frag                                 0x08003395   Thumb Code   340  ip_frag.o(i.ip4_frag)
    ip4_input                                0x080034ed   Thumb Code   330  ip4.o(i.ip4_input)
    ip4_output_if                            0x08003641   Thumb Code    30  ip4.o(i.ip4_output_if)
    ip4_output_if_src                        0x08003661   Thumb Code   160  ip4.o(i.ip4_output_if_src)
    ip4_reass                                0x08003709   Thumb Code   406  ip_frag.o(i.ip4_reass)
    ip4_route                                0x080038a5   Thumb Code    82  ip4.o(i.ip4_route)
    ip_input                                 0x08003909   Thumb Code     4  ip4.o(i.ip_input)
    ip_reass_tmr                             0x08003b29   Thumb Code    40  ip_frag.o(i.ip_reass_tmr)
    lwip_htonl                               0x08003dfd   Thumb Code     4  def.o(i.lwip_htonl)
    lwip_htons                               0x08003e01   Thumb Code     4  def.o(i.lwip_htons)
    lwip_init                                0x08003e05   Thumb Code    34  init.o(i.lwip_init)
    lwip_ntohl                               0x08003e27   Thumb Code     4  def.o(i.lwip_ntohl)
    lwip_ntohs                               0x08003e2b   Thumb Code     4  def.o(i.lwip_ntohs)
    main                                     0x08003e31   Thumb Code    50  main.o(i.main)
    mem_free                                 0x08003e79   Thumb Code    62  mem.o(i.mem_free)
    mem_init                                 0x08003ebd   Thumb Code    50  mem.o(i.mem_init)
    mem_malloc                               0x08003ef9   Thumb Code   200  mem.o(i.mem_malloc)
    mem_trim                                 0x08003fc5   Thumb Code   214  mem.o(i.mem_trim)
    memp_free                                0x080040a1   Thumb Code    16  memp.o(i.memp_free)
    memp_init                                0x080040b5   Thumb Code    34  memp.o(i.memp_init)
    memp_init_pool                           0x080040dd   Thumb Code    42  memp.o(i.memp_init_pool)
    memp_malloc                              0x08004109   Thumb Code    18  memp.o(i.memp_malloc)
    memp_malloc_pool                         0x08004121   Thumb Code    14  memp.o(i.memp_malloc_pool)
    netif_add                                0x08004131   Thumb Code    74  netif.o(i.netif_add)
    netif_init                               0x08004181   Thumb Code     2  netif.o(i.netif_init)
    netif_set_addr                           0x0800419d   Thumb Code    32  netif.o(i.netif_set_addr)
    netif_set_default                        0x080041bd   Thumb Code     6  netif.o(i.netif_set_default)
    netif_set_down                           0x080041c9   Thumb Code    26  netif.o(i.netif_set_down)
    netif_set_gw                             0x080041e3   Thumb Code     8  netif.o(i.netif_set_gw)
    netif_set_ipaddr                         0x080041ed   Thumb Code    62  netif.o(i.netif_set_ipaddr)
    netif_set_netmask                        0x08004231   Thumb Code     8  netif.o(i.netif_set_netmask)
    netif_set_up                             0x08004239   Thumb Code    28  netif.o(i.netif_set_up)
    osDelay                                  0x08004255   Thumb Code    14  cmsis_os.o(i.osDelay)
    osKernelStart                            0x08004263   Thumb Code    10  cmsis_os.o(i.osKernelStart)
    osSemaphoreCreate                        0x0800426d   Thumb Code    38  cmsis_os.o(i.osSemaphoreCreate)
    osSemaphoreRelease                       0x08004295   Thumb Code    74  cmsis_os.o(i.osSemaphoreRelease)
    osSemaphoreWait                          0x080042e5   Thumb Code   100  cmsis_os.o(i.osSemaphoreWait)
    osThreadCreate                           0x0800434d   Thumb Code    56  cmsis_os.o(i.osThreadCreate)
    pbuf_alloc                               0x08004385   Thumb Code   284  pbuf.o(i.pbuf_alloc)
    pbuf_alloced_custom                      0x080044a1   Thumb Code    82  pbuf.o(i.pbuf_alloced_custom)
    pbuf_cat                                 0x080044f3   Thumb Code    40  pbuf.o(i.pbuf_cat)
    pbuf_clen                                0x0800451b   Thumb Code    18  pbuf.o(i.pbuf_clen)
    pbuf_copy                                0x0800452d   Thumb Code   154  pbuf.o(i.pbuf_copy)
    pbuf_copy_partial                        0x080045c7   Thumb Code   104  pbuf.o(i.pbuf_copy_partial)
    pbuf_free                                0x0800462f   Thumb Code    80  pbuf.o(i.pbuf_free)
    pbuf_header                              0x080046ad   Thumb Code     6  pbuf.o(i.pbuf_header)
    pbuf_header_force                        0x080046b3   Thumb Code     6  pbuf.o(i.pbuf_header_force)
    pbuf_realloc                             0x08004749   Thumb Code    84  pbuf.o(i.pbuf_realloc)
    pbuf_ref                                 0x0800479d   Thumb Code    12  pbuf.o(i.pbuf_ref)
    pvPortMalloc                             0x08004a91   Thumb Code   222  heap_4.o(i.pvPortMalloc)
    pvTaskIncrementMutexHeldCount            0x08004b75   Thumb Code    18  tasks.o(i.pvTaskIncrementMutexHeldCount)
    pxPortInitialiseStack                    0x08004b8d   Thumb Code    36  port.o(i.pxPortInitialiseStack)
    sys_arch_mbox_fetch                      0x08004bb5   Thumb Code    80  sys_arch.o(i.sys_arch_mbox_fetch)
    sys_arch_sem_wait                        0x08004c05   Thumb Code    66  sys_arch.o(i.sys_arch_sem_wait)
    sys_init                                 0x08004c49   Thumb Code     8  sys_arch.o(i.sys_init)
    sys_mbox_new                             0x08004c55   Thumb Code    28  sys_arch.o(i.sys_mbox_new)
    sys_mbox_post                            0x08004c71   Thumb Code    26  sys_arch.o(i.sys_mbox_post)
    sys_mbox_trypost                         0x08004c8b   Thumb Code    28  sys_arch.o(i.sys_mbox_trypost)
    sys_mbox_valid                           0x08004ca7   Thumb Code    10  sys_arch.o(i.sys_mbox_valid)
    sys_mutex_lock                           0x08004cb1   Thumb Code     6  sys_arch.o(i.sys_mutex_lock)
    sys_mutex_new                            0x08004cb7   Thumb Code    24  sys_arch.o(i.sys_mutex_new)
    sys_mutex_unlock                         0x08004ccf   Thumb Code    12  sys_arch.o(i.sys_mutex_unlock)
    sys_thread_new                           0x08004cdd   Thumb Code    58  sys_arch.o(i.sys_thread_new)
    sys_timeout                              0x08004d1d   Thumb Code    88  lwip_timers.o(i.sys_timeout)
    sys_timeouts_init                        0x08004d79   Thumb Code    30  lwip_timers.o(i.sys_timeouts_init)
    sys_timeouts_mbox_fetch                  0x08004da1   Thumb Code    96  lwip_timers.o(i.sys_timeouts_mbox_fetch)
    tcp_abandon                              0x08004e05   Thumb Code   208  tcp.o(i.tcp_abandon)
    tcp_abort                                0x08004ed9   Thumb Code     6  tcp.o(i.tcp_abort)
    tcp_alloc                                0x08004ee1   Thumb Code   270  tcp.o(i.tcp_alloc)
    tcp_close                                0x08004ffd   Thumb Code    20  tcp.o(i.tcp_close)
    tcp_eff_send_mss_impl                    0x080051e5   Thumb Code    34  tcp.o(i.tcp_eff_send_mss_impl)
    tcp_enqueue_flags                        0x08005207   Thumb Code   166  tcp_out.o(i.tcp_enqueue_flags)
    tcp_fasttmr                              0x080052ad   Thumb Code    88  tcp.o(i.tcp_fasttmr)
    tcp_init                                 0x08005339   Thumb Code     2  tcp.o(i.tcp_init)
    tcp_input                                0x0800533d   Thumb Code   816  tcp_in.o(i.tcp_input)
    tcp_keepalive                            0x08005685   Thumb Code    82  tcp_out.o(i.tcp_keepalive)
    tcp_netif_ipv4_addr_changed              0x080057f5   Thumb Code    66  tcp.o(i.tcp_netif_ipv4_addr_changed)
    tcp_next_iss                             0x08005861   Thumb Code    12  tcp.o(i.tcp_next_iss)
    tcp_output                               0x080058e9   Thumb Code   414  tcp_out.o(i.tcp_output)
    tcp_pcb_purge                            0x08005c45   Thumb Code    66  tcp.o(i.tcp_pcb_purge)
    tcp_pcb_remove                           0x08005c87   Thumb Code    80  tcp.o(i.tcp_pcb_remove)
    tcp_process_refused_data                 0x0800604d   Thumb Code   106  tcp.o(i.tcp_process_refused_data)
    tcp_recv_null                            0x080067a5   Thumb Code    36  tcp.o(i.tcp_recv_null)
    tcp_recved                               0x080067c9   Thumb Code    66  tcp.o(i.tcp_recved)
    tcp_rexmit                               0x0800680b   Thumb Code    82  tcp_out.o(i.tcp_rexmit)
    tcp_rexmit_fast                          0x0800685d   Thumb Code    88  tcp_out.o(i.tcp_rexmit_fast)
    tcp_rexmit_rto                           0x080068b5   Thumb Code    46  tcp_out.o(i.tcp_rexmit_rto)
    tcp_rst                                  0x080068e3   Thumb Code   128  tcp_out.o(i.tcp_rst)
    tcp_seg_copy                             0x08006963   Thumb Code    36  tcp.o(i.tcp_seg_copy)
    tcp_seg_free                             0x08006987   Thumb Code    28  tcp.o(i.tcp_seg_free)
    tcp_segs_free                            0x080069a3   Thumb Code    18  tcp.o(i.tcp_segs_free)
    tcp_send_empty_ack                       0x080069b5   Thumb Code   106  tcp_out.o(i.tcp_send_empty_ack)
    tcp_send_fin                             0x08006a1f   Thumb Code    70  tcp_out.o(i.tcp_send_fin)
    tcp_slowtmr                              0x08006a65   Thumb Code   636  tcp.o(i.tcp_slowtmr)
    tcp_timer_needed                         0x08006cf1   Thumb Code    36  lwip_timers.o(i.tcp_timer_needed)
    tcp_tmr                                  0x08006d8d   Thumb Code    28  tcp.o(i.tcp_tmr)
    tcp_trigger_input_pcb_close              0x08006dad   Thumb Code    12  tcp_in.o(i.tcp_trigger_input_pcb_close)
    tcp_update_rcv_ann_wnd                   0x08006dbd   Thumb Code    52  tcp.o(i.tcp_update_rcv_ann_wnd)
    tcp_zero_window_probe                    0x08006df1   Thumb Code   170  tcp_out.o(i.tcp_zero_window_probe)
    tcpip_callback_with_block                0x08006e9d   Thumb Code    88  tcpip.o(i.tcpip_callback_with_block)
    tcpip_init                               0x08006ef9   Thumb Code    44  tcpip.o(i.tcpip_init)
    tcpip_input                              0x08006f3d   Thumb Code    70  tcpip.o(i.tcpip_input)
    udp_init                                 0x08007031   Thumb Code     2  udp.o(i.udp_init)
    udp_input                                0x08007035   Thumb Code   262  udp.o(i.udp_input)
    udp_netif_ipv4_addr_changed              0x08007145   Thumb Code    42  udp.o(i.udp_netif_ipv4_addr_changed)
    uxListRemove                             0x08007175   Thumb Code    36  list.o(i.uxListRemove)
    vListInitialise                          0x08007199   Thumb Code    22  list.o(i.vListInitialise)
    vListInitialiseItem                      0x080071af   Thumb Code     6  list.o(i.vListInitialiseItem)
    vListInsert                              0x080071b5   Thumb Code    48  list.o(i.vListInsert)
    vListInsertEnd                           0x080071e5   Thumb Code    24  list.o(i.vListInsertEnd)
    vPortEnterCritical                       0x080071fd   Thumb Code    62  port.o(i.vPortEnterCritical)
    vPortExitCritical                        0x08007245   Thumb Code    38  port.o(i.vPortExitCritical)
    vPortFree                                0x08007271   Thumb Code    96  heap_4.o(i.vPortFree)
    vPortSetupTimerInterrupt                 0x080072d5   Thumb Code    26  port.o(i.vPortSetupTimerInterrupt)
    vPortValidateInterruptPriority           0x080072f5   Thumb Code    82  port.o(i.vPortValidateInterruptPriority)
    vTaskDelay                               0x08007351   Thumb Code    98  tasks.o(i.vTaskDelay)
    vTaskMissedYield                         0x080073bd   Thumb Code     8  tasks.o(i.vTaskMissedYield)
    vTaskPlaceOnEventList                    0x080073c9   Thumb Code    94  tasks.o(i.vTaskPlaceOnEventList)
    vTaskPriorityInherit                     0x08007431   Thumb Code   124  tasks.o(i.vTaskPriorityInherit)
    vTaskSetTimeOutState                     0x080074b5   Thumb Code    34  tasks.o(i.vTaskSetTimeOutState)
    vTaskStartScheduler                      0x080074dd   Thumb Code    94  tasks.o(i.vTaskStartScheduler)
    vTaskSuspendAll                          0x0800754d   Thumb Code    10  tasks.o(i.vTaskSuspendAll)
    vTaskSwitchContext                       0x0800755d   Thumb Code    86  tasks.o(i.vTaskSwitchContext)
    xPortStartScheduler                      0x080075bd   Thumb Code   158  port.o(i.xPortStartScheduler)
    xPortSysTickHandler                      0x0800766d   Thumb Code    42  port.o(i.xPortSysTickHandler)
    xQueueCreateMutex                        0x0800769d   Thumb Code    74  queue.o(i.xQueueCreateMutex)
    xQueueGenericCreate                      0x080076e7   Thumb Code   108  queue.o(i.xQueueGenericCreate)
    xQueueGenericReceive                     0x08007755   Thumb Code   384  queue.o(i.xQueueGenericReceive)
    xQueueGenericReset                       0x080078d9   Thumb Code   130  queue.o(i.xQueueGenericReset)
    xQueueGenericSend                        0x08007961   Thumb Code   368  queue.o(i.xQueueGenericSend)
    xQueueGiveFromISR                        0x08007ad5   Thumb Code   172  queue.o(i.xQueueGiveFromISR)
    xQueueReceiveFromISR                     0x08007b81   Thumb Code   154  queue.o(i.xQueueReceiveFromISR)
    xTaskCheckForTimeOut                     0x08007c1d   Thumb Code   110  tasks.o(i.xTaskCheckForTimeOut)
    xTaskGenericCreate                       0x08007c91   Thumb Code   456  tasks.o(i.xTaskGenericCreate)
    xTaskGetSchedulerState                   0x08007e65   Thumb Code    22  tasks.o(i.xTaskGetSchedulerState)
    xTaskGetTickCount                        0x08007e81   Thumb Code     6  tasks.o(i.xTaskGetTickCount)
    xTaskIncrementTick                       0x08007e8d   Thumb Code   198  tasks.o(i.xTaskIncrementTick)
    xTaskPriorityDisinherit                  0x08007f5d   Thumb Code   152  tasks.o(i.xTaskPriorityDisinherit)
    xTaskRemoveFromEventList                 0x08007ffd   Thumb Code   112  tasks.o(i.xTaskRemoveFromEventList)
    xTaskResumeAll                           0x08008075   Thumb Code   186  tasks.o(i.xTaskResumeAll)
    AHBPrescTable                            0x08008164   Data          16  system_stm32f7xx.o(.constdata)
    APBPrescTable                            0x08008174   Data           8  system_stm32f7xx.o(.constdata)
    ethbroadcast                             0x0800817c   Data           6  etharp.o(.constdata)
    ethzero                                  0x08008182   Data           6  etharp.o(.constdata)
    memp_UDP_PCB                             0x08008188   Data          12  memp.o(.constdata)
    memp_TCP_PCB                             0x08008194   Data          12  memp.o(.constdata)
    memp_TCP_PCB_LISTEN                      0x080081a0   Data          12  memp.o(.constdata)
    memp_TCP_SEG                             0x080081ac   Data          12  memp.o(.constdata)
    memp_REASSDATA                           0x080081b8   Data          12  memp.o(.constdata)
    memp_FRAG_PBUF                           0x080081c4   Data          12  memp.o(.constdata)
    memp_NETBUF                              0x080081d0   Data          12  memp.o(.constdata)
    memp_NETCONN                             0x080081dc   Data          12  memp.o(.constdata)
    memp_TCPIP_MSG_API                       0x080081e8   Data          12  memp.o(.constdata)
    memp_TCPIP_MSG_INPKT                     0x080081f4   Data          12  memp.o(.constdata)
    memp_SYS_TIMEOUT                         0x08008200   Data          12  memp.o(.constdata)
    memp_PBUF                                0x0800820c   Data          12  memp.o(.constdata)
    memp_PBUF_POOL                           0x08008218   Data          12  memp.o(.constdata)
    tcp_persist_backoff                      0x08008224   Data           7  tcp.o(.constdata)
    tcp_state_str                            0x0800822c   Data          44  tcp.o(.constdata)
    tcp_backoff                              0x08008258   Data          13  tcp.o(.constdata)
    tcp_pcb_lists                            0x08008268   Data          16  tcp.o(.constdata)
    ip_addr_any                              0x08008278   Data           4  ip4_addr.o(.constdata)
    Region$$Table$$Base                      0x08008308   Number         0  anon$$obj.o(Region$$Table)
    Region$$Table$$Limit                     0x08008328   Number         0  anon$$obj.o(Region$$Table)
    defaultTaskHandle                        0x20000000   Data           4  main.o(.data)
    ipaddr                                   0x20000004   Data           4  lwip.o(.data)
    netmask                                  0x20000008   Data           4  lwip.o(.data)
    gw                                       0x2000000c   Data           4  lwip.o(.data)
    IP_ADDRESS                               0x20000010   Data           4  lwip.o(.data)
    NETMASK_ADDRESS                          0x20000014   Data           4  lwip.o(.data)
    GATEWAY_ADDRESS                          0x20000018   Data           4  lwip.o(.data)
    s_xSemaphore                             0x2000001c   Data           4  ethernetif.o(.data)
    uwTick                                   0x20000020   Data           4  stm32f7xx_hal.o(.data)
    SystemCoreClock                          0x20000024   Data           4  system_stm32f7xx.o(.data)
    pxCurrentTCB                             0x2000004c   Data           4  tasks.o(.data)
    memp_pools                               0x200000ac   Data          52  memp.o(.data)
    netif_list                               0x20000118   Data           4  netif.o(.data)
    netif_default                            0x2000011c   Data           4  netif.o(.data)
    pbuf_free_ooseq_pending                  0x20000120   Data           1  pbuf.o(.data)
    tcp_active_pcbs_changed                  0x20000124   Data           1  tcp.o(.data)
    tcp_ticks                                0x20000130   Data           4  tcp.o(.data)
    tcp_bound_pcbs                           0x20000134   Data           4  tcp.o(.data)
    tcp_listen_pcbs                          0x20000138   Data           4  tcp.o(.data)
    tcp_active_pcbs                          0x2000013c   Data           4  tcp.o(.data)
    tcp_tw_pcbs                              0x20000140   Data           4  tcp.o(.data)
    tcp_input_pcb                            0x20000160   Data           4  tcp_in.o(.data)
    udp_pcbs                                 0x20000168   Data           4  udp.o(.data)
    huart3                                   0x2000017c   Data         112  main.o(.bss)
    hpcd_USB_OTG_FS                          0x200001ec   Data         960  main.o(.bss)
    gnetif                                   0x200005ac   Data          48  lwip.o(.bss)
    DMARxDscrTab                             0x200005dc   Data         128  ethernetif.o(.bss)
    DMATxDscrTab                             0x2000065c   Data         128  ethernetif.o(.bss)
    Rx_Buff                                  0x200006dc   Data        6096  ethernetif.o(.bss)
    Tx_Buff                                  0x20001eac   Data        6096  ethernetif.o(.bss)
    heth                                     0x2000367c   Data          72  ethernetif.o(.bss)
    htim1                                    0x200036c4   Data          60  stm32f7xx_hal_timebase_tim.o(.bss)
    ram_heap                                 0x200074e0   Data        1620  mem.o(.bss)
    memp_memory_UDP_PCB_base                 0x20007b34   Data         128  memp.o(.bss)
    memp_memory_TCP_PCB_base                 0x20007bb4   Data         760  memp.o(.bss)
    memp_memory_TCP_PCB_LISTEN_base          0x20007eac   Data         224  memp.o(.bss)
    memp_memory_TCP_SEG_base                 0x20007f8c   Data         256  memp.o(.bss)
    memp_memory_REASSDATA_base               0x2000808c   Data         160  memp.o(.bss)
    memp_memory_FRAG_PBUF_base               0x2000812c   Data         360  memp.o(.bss)
    memp_memory_NETBUF_base                  0x20008294   Data          32  memp.o(.bss)
    memp_memory_NETCONN_base                 0x200082b4   Data         176  memp.o(.bss)
    memp_memory_TCPIP_MSG_API_base           0x20008364   Data         128  memp.o(.bss)
    memp_memory_TCPIP_MSG_INPKT_base         0x200083e4   Data         128  memp.o(.bss)
    memp_memory_SYS_TIMEOUT_base             0x20008464   Data          48  memp.o(.bss)
    memp_memory_PBUF_base                    0x20008494   Data         256  memp.o(.bss)
    memp_memory_PBUF_POOL_base               0x20008594   Data        9728  memp.o(.bss)
    ip_data                                  0x2000aba4   Data          24  ip4.o(.bss)
    __initial_sp                             0x2000afc0   Data           0  startup_stm32f746xx.o(STACK)



==============================================================================

Memory Map of the image

  Image Entry point : 0x080001c9

  Load Region LR_IROM1 (Base: 0x08000000, Size: 0x000084a4, Max: 0x00100000, ABSOLUTE, COMPRESSED[0x00008368])

    Execution Region ER_IROM1 (Exec base: 0x08000000, Load base: 0x08000000, Size: 0x00008328, Max: 0x00100000, ABSOLUTE)

    Exec Addr    Load Addr    Size         Type   Attr      Idx    E Section Name        Object

    0x08000000   0x08000000   0x000001c8   Data   RO            3    RESET               startup_stm32f746xx.o
    0x080001c8   0x080001c8   0x00000000   Code   RO         8788  * .ARM.Collect$$$$00000000  mc_w.l(entry.o)
    0x080001c8   0x080001c8   0x00000004   Code   RO         8808    .ARM.Collect$$$$00000001  mc_w.l(entry2.o)
    0x080001cc   0x080001cc   0x00000004   Code   RO         8811    .ARM.Collect$$$$00000004  mc_w.l(entry5.o)
    0x080001d0   0x080001d0   0x00000000   Code   RO         8813    .ARM.Collect$$$$00000008  mc_w.l(entry7b.o)
    0x080001d0   0x080001d0   0x00000000   Code   RO         8815    .ARM.Collect$$$$0000000A  mc_w.l(entry8b.o)
    0x080001d0   0x080001d0   0x00000008   Code   RO         8816    .ARM.Collect$$$$0000000B  mc_w.l(entry9a.o)
    0x080001d8   0x080001d8   0x00000000   Code   RO         8818    .ARM.Collect$$$$0000000D  mc_w.l(entry10a.o)
    0x080001d8   0x080001d8   0x00000000   Code   RO         8820    .ARM.Collect$$$$0000000F  mc_w.l(entry11a.o)
    0x080001d8   0x080001d8   0x00000004   Code   RO         8809    .ARM.Collect$$$$00002712  mc_w.l(entry2.o)
    0x080001dc   0x080001dc   0x000000ba   Code   RO         4403    .emb_text           port.o
    0x08000296   0x08000296   0x00000002   PAD
    0x08000298   0x08000298   0x00000024   Code   RO            4    .text               startup_stm32f746xx.o
    0x080002bc   0x080002bc   0x00000024   Code   RO         8791    .text               mc_w.l(memcpya.o)
    0x080002e0   0x080002e0   0x00000024   Code   RO         8793    .text               mc_w.l(memseta.o)
    0x08000304   0x08000304   0x0000001a   Code   RO         8797    .text               mc_w.l(memcmp.o)
    0x0800031e   0x0800031e   0x00000002   PAD
    0x08000320   0x08000320   0x00000024   Code   RO         8822    .text               mc_w.l(init.o)
    0x08000344   0x08000344   0x00000056   Code   RO         8832    .text               mc_w.l(__dczerorl2.o)
    0x0800039a   0x0800039a   0x0000002e   Code   RO          932    i.ETH_FlushTransmitFIFO  stm32f7xx_hal_eth.o
    0x080003c8   0x080003c8   0x0000000c   Code   RO          725    i.ETH_IRQHandler    stm32f7xx_it.o
    0x080003d4   0x080003d4   0x00000124   Code   RO          933    i.ETH_MACDMAConfig  stm32f7xx_hal_eth.o
    0x080004f8   0x080004f8   0x00000016   Code   RO         3691    i.HAL_Delay         stm32f7xx_hal.o
    0x0800050e   0x0800050e   0x00000072   Code   RO          936    i.HAL_ETH_DMARxDescListInit  stm32f7xx_hal_eth.o
    0x08000580   0x08000580   0x00000078   Code   RO          937    i.HAL_ETH_DMATxDescListInit  stm32f7xx_hal_eth.o
    0x080005f8   0x080005f8   0x00000002   Code   RO          939    i.HAL_ETH_ErrorCallback  stm32f7xx_hal_eth.o
    0x080005fa   0x080005fa   0x0000008c   Code   RO          941    i.HAL_ETH_GetReceivedFrame_IT  stm32f7xx_hal_eth.o
    0x08000686   0x08000686   0x0000007a   Code   RO          943    i.HAL_ETH_IRQHandler  stm32f7xx_hal_eth.o
    0x08000700   0x08000700   0x000001ec   Code   RO          944    i.HAL_ETH_Init      stm32f7xx_hal_eth.o
    0x080008ec   0x080008ec   0x000000ac   Code   RO          633    i.HAL_ETH_MspInit   ethernetif.o
    0x08000998   0x08000998   0x00000084   Code   RO          947    i.HAL_ETH_ReadPHYRegister  stm32f7xx_hal_eth.o
    0x08000a1c   0x08000a1c   0x0000000c   Code   RO          634    i.HAL_ETH_RxCpltCallback  ethernetif.o
    0x08000a28   0x08000a28   0x00000084   Code   RO          949    i.HAL_ETH_Start     stm32f7xx_hal_eth.o
    0x08000aac   0x08000aac   0x0000010c   Code   RO          951    i.HAL_ETH_TransmitFrame  stm32f7xx_hal_eth.o
    0x08000bb8   0x08000bb8   0x00000002   Code   RO          952    i.HAL_ETH_TxCpltCallback  stm32f7xx_hal_eth.o
    0x08000bba   0x08000bba   0x00000078   Code   RO          953    i.HAL_ETH_WritePHYRegister  stm32f7xx_hal_eth.o
    0x08000c32   0x08000c32   0x00000002   PAD
    0x08000c34   0x08000c34   0x000001dc   Code   RO         3258    i.HAL_GPIO_Init     stm32f7xx_hal_gpio.o
    0x08000e10   0x08000e10   0x0000000a   Code   RO         3262    i.HAL_GPIO_WritePin  stm32f7xx_hal_gpio.o
    0x08000e1a   0x08000e1a   0x00000002   PAD
    0x08000e1c   0x08000e1c   0x0000000c   Code   RO         3699    i.HAL_GetTick       stm32f7xx_hal.o
    0x08000e28   0x08000e28   0x00000010   Code   RO         3700    i.HAL_IncTick       stm32f7xx_hal.o
    0x08000e38   0x08000e38   0x00000016   Code   RO         3701    i.HAL_Init          stm32f7xx_hal.o
    0x08000e4e   0x08000e4e   0x00000002   PAD
    0x08000e50   0x08000e50   0x00000074   Code   RO          816    i.HAL_InitTick      stm32f7xx_hal_timebase_tim.o
    0x08000ec4   0x08000ec4   0x00000058   Code   RO          768    i.HAL_MspInit       stm32f7xx_hal_msp.o
    0x08000f1c   0x08000f1c   0x00000016   Code   RO         1083    i.HAL_NVIC_EnableIRQ  stm32f7xx_hal_cortex.o
    0x08000f32   0x08000f32   0x00000002   PAD
    0x08000f34   0x08000f34   0x00000040   Code   RO         1089    i.HAL_NVIC_SetPriority  stm32f7xx_hal_cortex.o
    0x08000f74   0x08000f74   0x00000024   Code   RO         1090    i.HAL_NVIC_SetPriorityGrouping  stm32f7xx_hal_cortex.o
    0x08000f98   0x08000f98   0x00000028   Code   RO         2604    i.HAL_PCDEx_ActivateLPM  stm32f7xx_hal_pcd_ex.o
    0x08000fc0   0x08000fc0   0x000000cc   Code   RO         2410    i.HAL_PCD_Init      stm32f7xx_hal_pcd.o
    0x0800108c   0x0800108c   0x0000005c   Code   RO          770    i.HAL_PCD_MspInit   stm32f7xx_hal_msp.o
    0x080010e8   0x080010e8   0x0000006c   Code   RO         3598    i.HAL_PWREx_EnableOverDrive  stm32f7xx_hal_pwr_ex.o
    0x08001154   0x08001154   0x00000680   Code   RO         3039    i.HAL_RCCEx_PeriphCLKConfig  stm32f7xx_hal_rcc_ex.o
    0x080017d4   0x080017d4   0x0000015c   Code   RO         2936    i.HAL_RCC_ClockConfig  stm32f7xx_hal_rcc.o
    0x08001930   0x08001930   0x00000040   Code   RO         2940    i.HAL_RCC_GetClockConfig  stm32f7xx_hal_rcc.o
    0x08001970   0x08001970   0x0000000c   Code   RO         2941    i.HAL_RCC_GetHCLKFreq  stm32f7xx_hal_rcc.o
    0x0800197c   0x0800197c   0x00000030   Code   RO         2943    i.HAL_RCC_GetPCLK1Freq  stm32f7xx_hal_rcc.o
    0x080019ac   0x080019ac   0x00000030   Code   RO         2944    i.HAL_RCC_GetPCLK2Freq  stm32f7xx_hal_rcc.o
    0x080019dc   0x080019dc   0x00000070   Code   RO         2945    i.HAL_RCC_GetSysClockFreq  stm32f7xx_hal_rcc.o
    0x08001a4c   0x08001a4c   0x00000310   Code   RO         2948    i.HAL_RCC_OscConfig  stm32f7xx_hal_rcc.o
    0x08001d5c   0x08001d5c   0x00000018   Code   RO         1092    i.HAL_SYSTICK_CLKSourceConfig  stm32f7xx_hal_cortex.o
    0x08001d74   0x08001d74   0x00000028   Code   RO         1094    i.HAL_SYSTICK_Config  stm32f7xx_hal_cortex.o
    0x08001d9c   0x08001d9c   0x00000002   Code   RO         1837    i.HAL_TIMEx_BreakCallback  stm32f7xx_hal_tim_ex.o
    0x08001d9e   0x08001d9e   0x00000002   Code   RO         1838    i.HAL_TIMEx_CommutationCallback  stm32f7xx_hal_tim_ex.o
    0x08001da0   0x08001da0   0x00000030   Code   RO         1205    i.HAL_TIM_Base_Init  stm32f7xx_hal_tim.o
    0x08001dd0   0x08001dd0   0x00000002   Code   RO         1207    i.HAL_TIM_Base_MspInit  stm32f7xx_hal_tim.o
    0x08001dd2   0x08001dd2   0x00000018   Code   RO         1210    i.HAL_TIM_Base_Start_IT  stm32f7xx_hal_tim.o
    0x08001dea   0x08001dea   0x00000002   Code   RO         1234    i.HAL_TIM_IC_CaptureCallback  stm32f7xx_hal_tim.o
    0x08001dec   0x08001dec   0x00000180   Code   RO         1247    i.HAL_TIM_IRQHandler  stm32f7xx_hal_tim.o
    0x08001f6c   0x08001f6c   0x00000002   Code   RO         1250    i.HAL_TIM_OC_DelayElapsedCallback  stm32f7xx_hal_tim.o
    0x08001f6e   0x08001f6e   0x00000002   Code   RO         1277    i.HAL_TIM_PWM_PulseFinishedCallback  stm32f7xx_hal_tim.o
    0x08001f70   0x08001f70   0x00000014   Code   RO           14    i.HAL_TIM_PeriodElapsedCallback  main.o
    0x08001f84   0x08001f84   0x00000002   Code   RO         1288    i.HAL_TIM_TriggerCallback  stm32f7xx_hal_tim.o
    0x08001f86   0x08001f86   0x0000006a   Code   RO         2129    i.HAL_UART_Init     stm32f7xx_hal_uart.o
    0x08001ff0   0x08001ff0   0x0000004c   Code   RO          772    i.HAL_UART_MspInit  stm32f7xx_hal_msp.o
    0x0800203c   0x0800203c   0x000000e0   Code   RO           15    i.MX_GPIO_Init      main.o
    0x0800211c   0x0800211c   0x000000bc   Code   RO          379    i.MX_LWIP_Init      lwip.o
    0x080021d8   0x080021d8   0x00000038   Code   RO           16    i.MX_USART3_UART_Init  main.o
    0x08002210   0x08002210   0x00000038   Code   RO           17    i.MX_USB_OTG_FS_PCD_Init  main.o
    0x08002248   0x08002248   0x00000020   Code   RO         1096    i.NVIC_SetPriority  stm32f7xx_hal_cortex.o
    0x08002268   0x08002268   0x0000000c   Code   RO           18    i.StartDefaultTask  main.o
    0x08002274   0x08002274   0x00000014   Code   RO          726    i.SysTick_Handler   stm32f7xx_it.o
    0x08002288   0x08002288   0x000000c0   Code   RO           19    i.SystemClock_Config  main.o
    0x08002348   0x08002348   0x00000054   Code   RO         4302    i.SystemInit        system_stm32f7xx.o
    0x0800239c   0x0800239c   0x0000000c   Code   RO          727    i.TIM1_UP_TIM10_IRQHandler  stm32f7xx_it.o
    0x080023a8   0x080023a8   0x000000c0   Code   RO         1289    i.TIM_Base_SetConfig  stm32f7xx_hal_tim.o
    0x08002468   0x08002468   0x000000c8   Code   RO         2142    i.UART_AdvFeatureConfig  stm32f7xx_hal_uart.o
    0x08002530   0x08002530   0x0000005c   Code   RO         2143    i.UART_CheckIdleState  stm32f7xx_hal_uart.o
    0x0800258c   0x0800258c   0x00000238   Code   RO         2153    i.UART_SetConfig    stm32f7xx_hal_uart.o
    0x080027c4   0x080027c4   0x00000062   Code   RO         2154    i.UART_WaitOnFlagUntilTimeout  stm32f7xx_hal_uart.o
    0x08002826   0x08002826   0x00000002   PAD
    0x08002828   0x08002828   0x0000006c   Code   RO         2656    i.USB_CoreInit      stm32f7xx_ll_usb.o
    0x08002894   0x08002894   0x00000034   Code   RO         2657    i.USB_CoreReset     stm32f7xx_ll_usb.o
    0x080028c8   0x080028c8   0x00000018   Code   RO         2661    i.USB_DevDisconnect  stm32f7xx_ll_usb.o
    0x080028e0   0x080028e0   0x00000154   Code   RO         2662    i.USB_DevInit       stm32f7xx_ll_usb.o
    0x08002a34   0x08002a34   0x0000000c   Code   RO         2663    i.USB_DisableGlobalInt  stm32f7xx_ll_usb.o
    0x08002a40   0x08002a40   0x00000020   Code   RO         2672    i.USB_FlushRxFifo   stm32f7xx_ll_usb.o
    0x08002a60   0x08002a60   0x00000024   Code   RO         2673    i.USB_FlushTxFifo   stm32f7xx_ll_usb.o
    0x08002a84   0x08002a84   0x0000002c   Code   RO         2691    i.USB_SetCurrentMode  stm32f7xx_ll_usb.o
    0x08002ab0   0x08002ab0   0x0000000e   Code   RO         8826    i.__scatterload_copy  mc_w.l(handlers.o)
    0x08002abe   0x08002abe   0x00000002   Code   RO         8827    i.__scatterload_null  mc_w.l(handlers.o)
    0x08002ac0   0x08002ac0   0x0000000e   Code   RO         8828    i.__scatterload_zeroinit  mc_w.l(handlers.o)
    0x08002ace   0x08002ace   0x00000002   PAD
    0x08002ad0   0x08002ad0   0x0000001c   Code   RO         6512    i.arp_timer         lwip_timers.o
    0x08002aec   0x08002aec   0x0000000c   Code   RO         6649    i.do_memp_free_pool  memp.o
    0x08002af8   0x08002af8   0x000000bc   Code   RO         5378    i.etharp_arp_input  etharp.o
    0x08002bb4   0x08002bb4   0x00000030   Code   RO         5379    i.etharp_cleanup_netif  etharp.o
    0x08002be4   0x08002be4   0x000000f0   Code   RO         5381    i.etharp_find_entry  etharp.o
    0x08002cd4   0x08002cd4   0x00000024   Code   RO         5382    i.etharp_free_entry  etharp.o
    0x08002cf8   0x08002cf8   0x000000f8   Code   RO         5384    i.etharp_output     etharp.o
    0x08002df0   0x08002df0   0x0000005c   Code   RO         5385    i.etharp_output_to_arp_index  etharp.o
    0x08002e4c   0x08002e4c   0x000000f0   Code   RO         5386    i.etharp_query      etharp.o
    0x08002f3c   0x08002f3c   0x000000a0   Code   RO         5387    i.etharp_raw        etharp.o
    0x08002fdc   0x08002fdc   0x0000000c   Code   RO         5388    i.etharp_request    etharp.o
    0x08002fe8   0x08002fe8   0x00000020   Code   RO         5389    i.etharp_request_dst  etharp.o
    0x08003008   0x08003008   0x00000020   Code   RO         5390    i.etharp_send_ip    etharp.o
    0x08003028   0x08003028   0x00000060   Code   RO         5391    i.etharp_tmr        etharp.o
    0x08003088   0x08003088   0x00000080   Code   RO         5392    i.etharp_update_arp_entry  etharp.o
    0x08003108   0x08003108   0x00000094   Code   RO         5393    i.ethernet_input    etharp.o
    0x0800319c   0x0800319c   0x00000028   Code   RO          635    i.ethernetif_init   ethernetif.o
    0x080031c4   0x080031c4   0x00000034   Code   RO          636    i.ethernetif_input  ethernetif.o
    0x080031f8   0x080031f8   0x00000008   Code   RO         7688    i.icmp_dest_unreach  icmp.o
    0x08003200   0x08003200   0x000000e4   Code   RO         7689    i.icmp_input        icmp.o
    0x080032e4   0x080032e4   0x0000006c   Code   RO         7690    i.icmp_send_response  icmp.o
    0x08003350   0x08003350   0x00000008   Code   RO         7691    i.icmp_time_exceeded  icmp.o
    0x08003358   0x08003358   0x0000000c   Code   RO         5033    i.inHandlerMode     cmsis_os.o
    0x08003364   0x08003364   0x0000002e   Code   RO         7808    i.ip4_addr_isbroadcast_u32  ip4_addr.o
    0x08003392   0x08003392   0x00000002   PAD
    0x08003394   0x08003394   0x00000158   Code   RO         7874    i.ip4_frag          ip_frag.o
    0x080034ec   0x080034ec   0x00000154   Code   RO         7747    i.ip4_input         ip4.o
    0x08003640   0x08003640   0x0000001e   Code   RO         7749    i.ip4_output_if     ip4.o
    0x0800365e   0x0800365e   0x00000002   PAD
    0x08003660   0x08003660   0x000000a8   Code   RO         7750    i.ip4_output_if_src  ip4.o
    0x08003708   0x08003708   0x0000019c   Code   RO         7875    i.ip4_reass         ip_frag.o
    0x080038a4   0x080038a4   0x0000005c   Code   RO         7751    i.ip4_route         ip4.o
    0x08003900   0x08003900   0x00000008   Code   RO         7876    i.ip_frag_free_pbuf_custom_ref  ip_frag.o
    0x08003908   0x08003908   0x00000004   Code   RO         7752    i.ip_input          ip4.o
    0x0800390c   0x0800390c   0x000000e8   Code   RO         7877    i.ip_reass_chain_frag_into_datagram_and_validate  ip_frag.o
    0x080039f4   0x080039f4   0x00000024   Code   RO         7878    i.ip_reass_dequeue_datagram  ip_frag.o
    0x08003a18   0x08003a18   0x00000070   Code   RO         7879    i.ip_reass_free_complete_datagram  ip_frag.o
    0x08003a88   0x08003a88   0x00000084   Code   RO         7880    i.ip_reass_remove_oldest_datagram  ip_frag.o
    0x08003b0c   0x08003b0c   0x0000001c   Code   RO         6513    i.ip_reass_timer    lwip_timers.o
    0x08003b28   0x08003b28   0x0000002c   Code   RO         7881    i.ip_reass_tmr      ip_frag.o
    0x08003b54   0x08003b54   0x00000016   Code   RO         7882    i.ipfrag_free_pbuf_custom  ip_frag.o
    0x08003b6a   0x08003b6a   0x00000002   PAD
    0x08003b6c   0x08003b6c   0x0000012c   Code   RO          637    i.low_level_init    ethernetif.o
    0x08003c98   0x08003c98   0x000000bc   Code   RO          638    i.low_level_input   ethernetif.o
    0x08003d54   0x08003d54   0x000000a8   Code   RO          639    i.low_level_output  ethernetif.o
    0x08003dfc   0x08003dfc   0x00000004   Code   RO         6333    i.lwip_htonl        def.o
    0x08003e00   0x08003e00   0x00000004   Code   RO         6334    i.lwip_htons        def.o
    0x08003e04   0x08003e04   0x00000022   Code   RO         6465    i.lwip_init         init.o
    0x08003e26   0x08003e26   0x00000004   Code   RO         6335    i.lwip_ntohl        def.o
    0x08003e2a   0x08003e2a   0x00000004   Code   RO         6336    i.lwip_ntohs        def.o
    0x08003e2e   0x08003e2e   0x00000002   PAD
    0x08003e30   0x08003e30   0x0000003c   Code   RO           20    i.main              main.o
    0x08003e6c   0x08003e6c   0x0000000c   Code   RO         5035    i.makeFreeRtosPriority  cmsis_os.o
    0x08003e78   0x08003e78   0x00000044   Code   RO         6593    i.mem_free          mem.o
    0x08003ebc   0x08003ebc   0x0000003c   Code   RO         6594    i.mem_init          mem.o
    0x08003ef8   0x08003ef8   0x000000cc   Code   RO         6595    i.mem_malloc        mem.o
    0x08003fc4   0x08003fc4   0x000000dc   Code   RO         6596    i.mem_trim          mem.o
    0x080040a0   0x080040a0   0x00000014   Code   RO         6650    i.memp_free         memp.o
    0x080040b4   0x080040b4   0x00000028   Code   RO         6652    i.memp_init         memp.o
    0x080040dc   0x080040dc   0x0000002a   Code   RO         6653    i.memp_init_pool    memp.o
    0x08004106   0x08004106   0x00000002   PAD
    0x08004108   0x08004108   0x00000018   Code   RO         6654    i.memp_malloc       memp.o
    0x08004120   0x08004120   0x0000000e   Code   RO         6655    i.memp_malloc_pool  memp.o
    0x0800412e   0x0800412e   0x00000002   PAD
    0x08004130   0x08004130   0x00000050   Code   RO         6778    i.netif_add         netif.o
    0x08004180   0x08004180   0x00000002   Code   RO         6780    i.netif_init        netif.o
    0x08004182   0x08004182   0x0000001a   Code   RO         6781    i.netif_issue_reports  netif.o
    0x0800419c   0x0800419c   0x00000020   Code   RO         6783    i.netif_set_addr    netif.o
    0x080041bc   0x080041bc   0x0000000c   Code   RO         6784    i.netif_set_default  netif.o
    0x080041c8   0x080041c8   0x0000001a   Code   RO         6785    i.netif_set_down    netif.o
    0x080041e2   0x080041e2   0x00000008   Code   RO         6786    i.netif_set_gw      netif.o
    0x080041ea   0x080041ea   0x00000002   PAD
    0x080041ec   0x080041ec   0x00000044   Code   RO         6787    i.netif_set_ipaddr  netif.o
    0x08004230   0x08004230   0x00000008   Code   RO         6790    i.netif_set_netmask  netif.o
    0x08004238   0x08004238   0x0000001c   Code   RO         6791    i.netif_set_up      netif.o
    0x08004254   0x08004254   0x0000000e   Code   RO         5036    i.osDelay           cmsis_os.o
    0x08004262   0x08004262   0x0000000a   Code   RO         5039    i.osKernelStart     cmsis_os.o
    0x0800426c   0x0800426c   0x00000026   Code   RO         5062    i.osSemaphoreCreate  cmsis_os.o
    0x08004292   0x08004292   0x00000002   PAD
    0x08004294   0x08004294   0x00000050   Code   RO         5064    i.osSemaphoreRelease  cmsis_os.o
    0x080042e4   0x080042e4   0x00000068   Code   RO         5065    i.osSemaphoreWait   cmsis_os.o
    0x0800434c   0x0800434c   0x00000038   Code   RO         5069    i.osThreadCreate    cmsis_os.o
    0x08004384   0x08004384   0x0000011c   Code   RO         6888    i.pbuf_alloc        pbuf.o
    0x080044a0   0x080044a0   0x00000052   Code   RO         6889    i.pbuf_alloced_custom  pbuf.o
    0x080044f2   0x080044f2   0x00000028   Code   RO         6890    i.pbuf_cat          pbuf.o
    0x0800451a   0x0800451a   0x00000012   Code   RO         6892    i.pbuf_clen         pbuf.o
    0x0800452c   0x0800452c   0x0000009a   Code   RO         6894    i.pbuf_copy         pbuf.o
    0x080045c6   0x080045c6   0x00000068   Code   RO         6895    i.pbuf_copy_partial  pbuf.o
    0x0800462e   0x0800462e   0x00000050   Code   RO         6897    i.pbuf_free         pbuf.o
    0x0800467e   0x0800467e   0x00000002   PAD
    0x08004680   0x08004680   0x0000002c   Code   RO         6898    i.pbuf_free_ooseq_callback  pbuf.o
    0x080046ac   0x080046ac   0x00000006   Code   RO         6900    i.pbuf_header       pbuf.o
    0x080046b2   0x080046b2   0x00000006   Code   RO         6901    i.pbuf_header_force  pbuf.o
    0x080046b8   0x080046b8   0x00000064   Code   RO         6902    i.pbuf_header_impl  pbuf.o
    0x0800471c   0x0800471c   0x0000002c   Code   RO         6905    i.pbuf_pool_is_empty  pbuf.o
    0x08004748   0x08004748   0x00000054   Code   RO         6907    i.pbuf_realloc      pbuf.o
    0x0800479c   0x0800479c   0x0000000c   Code   RO         6908    i.pbuf_ref          pbuf.o
    0x080047a8   0x080047a8   0x00000054   Code   RO         6597    i.plug_holes        mem.o
    0x080047fc   0x080047fc   0x00000034   Code   RO         4743    i.prvAddCurrentTaskToDelayedList  tasks.o
    0x08004830   0x08004830   0x00000058   Code   RO         4744    i.prvCheckTasksWaitingTermination  tasks.o
    0x08004888   0x08004888   0x00000026   Code   RO         4596    i.prvCopyDataFromQueue  queue.o
    0x080048ae   0x080048ae   0x0000006e   Code   RO         4597    i.prvCopyDataToQueue  queue.o
    0x0800491c   0x0800491c   0x0000004c   Code   RO         4336    i.prvHeapInit       heap_4.o
    0x08004968   0x08004968   0x00000028   Code   RO         4745    i.prvIdleTask       tasks.o
    0x08004990   0x08004990   0x0000004c   Code   RO         4337    i.prvInsertBlockIntoFreeList  heap_4.o
    0x080049dc   0x080049dc   0x00000020   Code   RO         4747    i.prvResetNextTaskUnblockTime  tasks.o
    0x080049fc   0x080049fc   0x00000030   Code   RO         4404    i.prvTaskExitError  port.o
    0x08004a2c   0x08004a2c   0x00000064   Code   RO         4598    i.prvUnlockQueue    queue.o
    0x08004a90   0x08004a90   0x000000e4   Code   RO         4338    i.pvPortMalloc      heap_4.o
    0x08004b74   0x08004b74   0x00000018   Code   RO         4749    i.pvTaskIncrementMutexHeldCount  tasks.o
    0x08004b8c   0x08004b8c   0x00000028   Code   RO         4405    i.pxPortInitialiseStack  port.o
    0x08004bb4   0x08004bb4   0x00000050   Code   RO         8626    i.sys_arch_mbox_fetch  sys_arch.o
    0x08004c04   0x08004c04   0x00000042   Code   RO         8629    i.sys_arch_sem_wait  sys_arch.o
    0x08004c46   0x08004c46   0x00000002   PAD
    0x08004c48   0x08004c48   0x0000000c   Code   RO         8632    i.sys_init          sys_arch.o
    0x08004c54   0x08004c54   0x0000001c   Code   RO         8634    i.sys_mbox_new      sys_arch.o
    0x08004c70   0x08004c70   0x0000001a   Code   RO         8635    i.sys_mbox_post     sys_arch.o
    0x08004c8a   0x08004c8a   0x0000001c   Code   RO         8637    i.sys_mbox_trypost  sys_arch.o
    0x08004ca6   0x08004ca6   0x0000000a   Code   RO         8638    i.sys_mbox_valid    sys_arch.o
    0x08004cb0   0x08004cb0   0x00000006   Code   RO         8640    i.sys_mutex_lock    sys_arch.o
    0x08004cb6   0x08004cb6   0x00000018   Code   RO         8641    i.sys_mutex_new     sys_arch.o
    0x08004cce   0x08004cce   0x0000000c   Code   RO         8642    i.sys_mutex_unlock  sys_arch.o
    0x08004cda   0x08004cda   0x00000002   PAD
    0x08004cdc   0x08004cdc   0x00000040   Code   RO         8648    i.sys_thread_new    sys_arch.o
    0x08004d1c   0x08004d1c   0x0000005c   Code   RO         6514    i.sys_timeout       lwip_timers.o
    0x08004d78   0x08004d78   0x00000028   Code   RO         6515    i.sys_timeouts_init  lwip_timers.o
    0x08004da0   0x08004da0   0x00000064   Code   RO         6516    i.sys_timeouts_mbox_fetch  lwip_timers.o
    0x08004e04   0x08004e04   0x000000d4   Code   RO         7114    i.tcp_abandon       tcp.o
    0x08004ed8   0x08004ed8   0x00000006   Code   RO         7115    i.tcp_abort         tcp.o
    0x08004ede   0x08004ede   0x00000002   PAD
    0x08004ee0   0x08004ee0   0x0000011c   Code   RO         7118    i.tcp_alloc         tcp.o
    0x08004ffc   0x08004ffc   0x00000014   Code   RO         7121    i.tcp_close         tcp.o
    0x08005010   0x08005010   0x0000013c   Code   RO         7122    i.tcp_close_shutdown  tcp.o
    0x0800514c   0x0800514c   0x00000098   Code   RO         7443    i.tcp_create_segment  tcp_out.o
    0x080051e4   0x080051e4   0x00000022   Code   RO         7125    i.tcp_eff_send_mss_impl  tcp.o
    0x08005206   0x08005206   0x000000a6   Code   RO         7444    i.tcp_enqueue_flags  tcp_out.o
    0x080052ac   0x080052ac   0x0000005c   Code   RO         7127    i.tcp_fasttmr       tcp.o
    0x08005308   0x08005308   0x00000030   Code   RO         7367    i.tcp_getoptbyte    tcp_in.o
    0x08005338   0x08005338   0x00000002   Code   RO         7128    i.tcp_init          tcp.o
    0x0800533a   0x0800533a   0x00000002   PAD
    0x0800533c   0x0800533c   0x00000348   Code   RO         7368    i.tcp_input         tcp_in.o
    0x08005684   0x08005684   0x00000052   Code   RO         7445    i.tcp_keepalive     tcp_out.o
    0x080056d6   0x080056d6   0x00000002   PAD
    0x080056d8   0x080056d8   0x0000003c   Code   RO         7129    i.tcp_kill_state    tcp.o
    0x08005714   0x08005714   0x000000e0   Code   RO         7369    i.tcp_listen_input  tcp_in.o
    0x080057f4   0x080057f4   0x00000048   Code   RO         7131    i.tcp_netif_ipv4_addr_changed  tcp.o
    0x0800583c   0x0800583c   0x00000022   Code   RO         7132    i.tcp_netif_ipv4_addr_changed_pcblist  tcp.o
    0x0800585e   0x0800585e   0x00000002   PAD
    0x08005860   0x08005860   0x00000010   Code   RO         7135    i.tcp_next_iss      tcp.o
    0x08005870   0x08005870   0x00000078   Code   RO         7370    i.tcp_oos_insert_segment  tcp_in.o
    0x080058e8   0x080058e8   0x000001a4   Code   RO         7446    i.tcp_output        tcp_out.o
    0x08005a8c   0x08005a8c   0x0000006a   Code   RO         7447    i.tcp_output_alloc_header  tcp_out.o
    0x08005af6   0x08005af6   0x00000002   PAD
    0x08005af8   0x08005af8   0x000000bc   Code   RO         7448    i.tcp_output_segment  tcp_out.o
    0x08005bb4   0x08005bb4   0x00000090   Code   RO         7371    i.tcp_parseopt      tcp_in.o
    0x08005c44   0x08005c44   0x00000042   Code   RO         7136    i.tcp_pcb_purge     tcp.o
    0x08005c86   0x08005c86   0x00000050   Code   RO         7137    i.tcp_pcb_remove    tcp.o
    0x08005cd6   0x08005cd6   0x00000002   PAD
    0x08005cd8   0x08005cd8   0x00000374   Code   RO         7372    i.tcp_process       tcp_in.o
    0x0800604c   0x0800604c   0x0000006a   Code   RO         7139    i.tcp_process_refused_data  tcp.o
    0x080060b6   0x080060b6   0x00000002   PAD
    0x080060b8   0x080060b8   0x000006ec   Code   RO         7373    i.tcp_receive       tcp_in.o
    0x080067a4   0x080067a4   0x00000024   Code   RO         7141    i.tcp_recv_null     tcp.o
    0x080067c8   0x080067c8   0x00000042   Code   RO         7142    i.tcp_recved        tcp.o
    0x0800680a   0x0800680a   0x00000052   Code   RO         7450    i.tcp_rexmit        tcp_out.o
    0x0800685c   0x0800685c   0x00000058   Code   RO         7451    i.tcp_rexmit_fast   tcp_out.o
    0x080068b4   0x080068b4   0x0000002e   Code   RO         7452    i.tcp_rexmit_rto    tcp_out.o
    0x080068e2   0x080068e2   0x00000080   Code   RO         7453    i.tcp_rst           tcp_out.o
    0x08006962   0x08006962   0x00000024   Code   RO         7143    i.tcp_seg_copy      tcp.o
    0x08006986   0x08006986   0x0000001c   Code   RO         7144    i.tcp_seg_free      tcp.o
    0x080069a2   0x080069a2   0x00000012   Code   RO         7145    i.tcp_segs_free     tcp.o
    0x080069b4   0x080069b4   0x0000006a   Code   RO         7454    i.tcp_send_empty_ack  tcp_out.o
    0x08006a1e   0x08006a1e   0x00000046   Code   RO         7455    i.tcp_send_fin      tcp_out.o
    0x08006a64   0x08006a64   0x0000028c   Code   RO         7149    i.tcp_slowtmr       tcp.o
    0x08006cf0   0x08006cf0   0x00000034   Code   RO         6518    i.tcp_timer_needed  lwip_timers.o
    0x08006d24   0x08006d24   0x00000068   Code   RO         7374    i.tcp_timewait_input  tcp_in.o
    0x08006d8c   0x08006d8c   0x00000020   Code   RO         7150    i.tcp_tmr           tcp.o
    0x08006dac   0x08006dac   0x00000010   Code   RO         7375    i.tcp_trigger_input_pcb_close  tcp_in.o
    0x08006dbc   0x08006dbc   0x00000034   Code   RO         7152    i.tcp_update_rcv_ann_wnd  tcp.o
    0x08006df0   0x08006df0   0x000000aa   Code   RO         7457    i.tcp_zero_window_probe  tcp_out.o
    0x08006e9a   0x08006e9a   0x00000002   PAD
    0x08006e9c   0x08006e9c   0x0000005c   Code   RO         6238    i.tcpip_callback_with_block  tcpip.o
    0x08006ef8   0x08006ef8   0x00000044   Code   RO         6241    i.tcpip_init        tcpip.o
    0x08006f3c   0x08006f3c   0x0000004c   Code   RO         6242    i.tcpip_input       tcpip.o
    0x08006f88   0x08006f88   0x00000038   Code   RO         6519    i.tcpip_tcp_timer   lwip_timers.o
    0x08006fc0   0x08006fc0   0x00000070   Code   RO         6243    i.tcpip_thread      tcpip.o
    0x08007030   0x08007030   0x00000002   Code   RO         7550    i.udp_init          udp.o
    0x08007032   0x08007032   0x00000002   PAD
    0x08007034   0x08007034   0x00000110   Code   RO         7551    i.udp_input         udp.o
    0x08007144   0x08007144   0x00000030   Code   RO         7552    i.udp_netif_ipv4_addr_changed  udp.o
    0x08007174   0x08007174   0x00000024   Code   RO         4560    i.uxListRemove      list.o
    0x08007198   0x08007198   0x00000016   Code   RO         4561    i.vListInitialise   list.o
    0x080071ae   0x080071ae   0x00000006   Code   RO         4562    i.vListInitialiseItem  list.o
    0x080071b4   0x080071b4   0x00000030   Code   RO         4563    i.vListInsert       list.o
    0x080071e4   0x080071e4   0x00000018   Code   RO         4564    i.vListInsertEnd    list.o
    0x080071fc   0x080071fc   0x00000048   Code   RO         4407    i.vPortEnterCritical  port.o
    0x08007244   0x08007244   0x0000002c   Code   RO         4408    i.vPortExitCritical  port.o
    0x08007270   0x08007270   0x00000064   Code   RO         4339    i.vPortFree         heap_4.o
    0x080072d4   0x080072d4   0x00000020   Code   RO         4409    i.vPortSetupTimerInterrupt  port.o
    0x080072f4   0x080072f4   0x0000005c   Code   RO         4410    i.vPortValidateInterruptPriority  port.o
    0x08007350   0x08007350   0x0000006c   Code   RO         4757    i.vTaskDelay        tasks.o
    0x080073bc   0x080073bc   0x0000000c   Code   RO         4760    i.vTaskMissedYield  tasks.o
    0x080073c8   0x080073c8   0x00000068   Code   RO         4762    i.vTaskPlaceOnEventList  tasks.o
    0x08007430   0x08007430   0x00000084   Code   RO         4764    i.vTaskPriorityInherit  tasks.o
    0x080074b4   0x080074b4   0x00000028   Code   RO         4768    i.vTaskSetTimeOutState  tasks.o
    0x080074dc   0x080074dc   0x00000070   Code   RO         4769    i.vTaskStartScheduler  tasks.o
    0x0800754c   0x0800754c   0x00000010   Code   RO         4771    i.vTaskSuspendAll   tasks.o
    0x0800755c   0x0800755c   0x00000060   Code   RO         4772    i.vTaskSwitchContext  tasks.o
    0x080075bc   0x080075bc   0x000000b0   Code   RO         4411    i.xPortStartScheduler  port.o
    0x0800766c   0x0800766c   0x00000030   Code   RO         4412    i.xPortSysTickHandler  port.o
    0x0800769c   0x0800769c   0x0000004a   Code   RO         4608    i.xQueueCreateMutex  queue.o
    0x080076e6   0x080076e6   0x0000006c   Code   RO         4609    i.xQueueGenericCreate  queue.o
    0x08007752   0x08007752   0x00000002   PAD
    0x08007754   0x08007754   0x00000184   Code   RO         4610    i.xQueueGenericReceive  queue.o
    0x080078d8   0x080078d8   0x00000088   Code   RO         4611    i.xQueueGenericReset  queue.o
    0x08007960   0x08007960   0x00000174   Code   RO         4612    i.xQueueGenericSend  queue.o
    0x08007ad4   0x08007ad4   0x000000ac   Code   RO         4614    i.xQueueGiveFromISR  queue.o
    0x08007b80   0x08007b80   0x0000009a   Code   RO         4618    i.xQueueReceiveFromISR  queue.o
    0x08007c1a   0x08007c1a   0x00000002   PAD
    0x08007c1c   0x08007c1c   0x00000074   Code   RO         4773    i.xTaskCheckForTimeOut  tasks.o
    0x08007c90   0x08007c90   0x000001d4   Code   RO         4774    i.xTaskGenericCreate  tasks.o
    0x08007e64   0x08007e64   0x0000001c   Code   RO         4778    i.xTaskGetSchedulerState  tasks.o
    0x08007e80   0x08007e80   0x0000000c   Code   RO         4779    i.xTaskGetTickCount  tasks.o
    0x08007e8c   0x08007e8c   0x000000d0   Code   RO         4781    i.xTaskIncrementTick  tasks.o
    0x08007f5c   0x08007f5c   0x000000a0   Code   RO         4784    i.xTaskPriorityDisinherit  tasks.o
    0x08007ffc   0x08007ffc   0x00000078   Code   RO         4785    i.xTaskRemoveFromEventList  tasks.o
    0x08008074   0x08008074   0x000000c8   Code   RO         4787    i.xTaskResumeAll    tasks.o
    0x0800813c   0x0800813c   0x00000014   Data   RO           22    .constdata          main.o
    0x08008150   0x08008150   0x00000014   Data   RO          643    .constdata          ethernetif.o
    0x08008164   0x08008164   0x00000010   Data   RO         4303    .constdata          system_stm32f7xx.o
    0x08008174   0x08008174   0x00000008   Data   RO         4304    .constdata          system_stm32f7xx.o
    0x0800817c   0x0800817c   0x0000000c   Data   RO         5395    .constdata          etharp.o
    0x08008188   0x08008188   0x0000000c   Data   RO         6669    .constdata          memp.o
    0x08008194   0x08008194   0x0000000c   Data   RO         6670    .constdata          memp.o
    0x080081a0   0x080081a0   0x0000000c   Data   RO         6671    .constdata          memp.o
    0x080081ac   0x080081ac   0x0000000c   Data   RO         6672    .constdata          memp.o
    0x080081b8   0x080081b8   0x0000000c   Data   RO         6673    .constdata          memp.o
    0x080081c4   0x080081c4   0x0000000c   Data   RO         6674    .constdata          memp.o
    0x080081d0   0x080081d0   0x0000000c   Data   RO         6675    .constdata          memp.o
    0x080081dc   0x080081dc   0x0000000c   Data   RO         6676    .constdata          memp.o
    0x080081e8   0x080081e8   0x0000000c   Data   RO         6677    .constdata          memp.o
    0x080081f4   0x080081f4   0x0000000c   Data   RO         6678    .constdata          memp.o
    0x08008200   0x08008200   0x0000000c   Data   RO         6679    .constdata          memp.o
    0x0800820c   0x0800820c   0x0000000c   Data   RO         6680    .constdata          memp.o
    0x08008218   0x08008218   0x0000000c   Data   RO         6681    .constdata          memp.o
    0x08008224   0x08008224   0x00000054   Data   RO         7153    .constdata          tcp.o
    0x08008278   0x08008278   0x00000004   Data   RO         7815    .constdata          ip4_addr.o
    0x0800827c   0x0800827c   0x0000000c   Data   RO           23    .conststring        main.o
    0x08008288   0x08008288   0x00000006   Data   RO          644    .conststring        ethernetif.o
    0x0800828e   0x0800828e   0x00000002   PAD
    0x08008290   0x08008290   0x00000075   Data   RO         7154    .conststring        tcp.o
    0x08008305   0x08008305   0x00000003   PAD
    0x08008308   0x08008308   0x00000020   Data   RO         8824    Region$$Table       anon$$obj.o


    Execution Region RW_IRAM1 (Exec base: 0x20000000, Load base: 0x08008328, Size: 0x0000afc0, Max: 0x00050000, ABSOLUTE, COMPRESSED[0x00000040])

    Exec Addr    Load Addr    Size         Type   Attr      Idx    E Section Name        Object

    0x20000000   COMPRESSED   0x00000004   Data   RW           24    .data               main.o
    0x20000004   COMPRESSED   0x00000018   Data   RW          381    .data               lwip.o
    0x2000001c   COMPRESSED   0x00000004   Data   RW          645    .data               ethernetif.o
    0x20000020   COMPRESSED   0x00000004   Data   RW         3707    .data               stm32f7xx_hal.o
    0x20000024   COMPRESSED   0x00000004   Data   RW         4305    .data               system_stm32f7xx.o
    0x20000028   COMPRESSED   0x00000018   Data   RW         4344    .data               heap_4.o
    0x20000040   COMPRESSED   0x0000000c   Data   RW         4413    .data               port.o
    0x2000004c   COMPRESSED   0x00000038   Data   RW         4790    .data               tasks.o
    0x20000084   COMPRESSED   0x00000001   Data   RW         5396    .data               etharp.o
    0x20000085   COMPRESSED   0x00000003   PAD
    0x20000088   COMPRESSED   0x0000000c   Data   RW         6245    .data               tcpip.o
    0x20000094   COMPRESSED   0x00000008   Data   RW         6520    .data               lwip_timers.o
    0x2000009c   COMPRESSED   0x00000010   Data   RW         6599    .data               mem.o
    0x200000ac   COMPRESSED   0x00000034   Data   RW         6682    .data               memp.o
    0x200000e0   COMPRESSED   0x00000004   Data   RW         6683    .data               memp.o
    0x200000e4   COMPRESSED   0x00000004   Data   RW         6684    .data               memp.o
    0x200000e8   COMPRESSED   0x00000004   Data   RW         6685    .data               memp.o
    0x200000ec   COMPRESSED   0x00000004   Data   RW         6686    .data               memp.o
    0x200000f0   COMPRESSED   0x00000004   Data   RW         6687    .data               memp.o
    0x200000f4   COMPRESSED   0x00000004   Data   RW         6688    .data               memp.o
    0x200000f8   COMPRESSED   0x00000004   Data   RW         6689    .data               memp.o
    0x200000fc   COMPRESSED   0x00000004   Data   RW         6690    .data               memp.o
    0x20000100   COMPRESSED   0x00000004   Data   RW         6691    .data               memp.o
    0x20000104   COMPRESSED   0x00000004   Data   RW         6692    .data               memp.o
    0x20000108   COMPRESSED   0x00000004   Data   RW         6693    .data               memp.o
    0x2000010c   COMPRESSED   0x00000004   Data   RW         6694    .data               memp.o
    0x20000110   COMPRESSED   0x00000004   Data   RW         6695    .data               memp.o
    0x20000114   COMPRESSED   0x0000000c   Data   RW         6792    .data               netif.o
    0x20000120   COMPRESSED   0x00000001   Data   RW         6913    .data               pbuf.o
    0x20000121   COMPRESSED   0x00000003   PAD
    0x20000124   COMPRESSED   0x00000020   Data   RW         7155    .data               tcp.o
    0x20000144   COMPRESSED   0x00000020   Data   RW         7377    .data               tcp_in.o
    0x20000164   COMPRESSED   0x00000008   Data   RW         7560    .data               udp.o
    0x2000016c   COMPRESSED   0x00000002   Data   RW         7754    .data               ip4.o
    0x2000016e   COMPRESSED   0x00000002   PAD
    0x20000170   COMPRESSED   0x00000008   Data   RW         7883    .data               ip_frag.o
    0x20000178   COMPRESSED   0x00000002   Data   RW         8649    .data               sys_arch.o
    0x2000017a   COMPRESSED   0x00000002   PAD
    0x2000017c        -       0x00000430   Zero   RW           21    .bss                main.o
    0x200005ac        -       0x00000030   Zero   RW          380    .bss                lwip.o
    0x200005dc        -       0x000030e8   Zero   RW          642    .bss                ethernetif.o
    0x200036c4        -       0x0000003c   Zero   RW          819    .bss                stm32f7xx_hal_timebase_tim.o
    0x20003700        -       0x00003c00   Zero   RW         4343    .bss                heap_4.o
    0x20007300        -       0x000000f0   Zero   RW         4789    .bss                tasks.o
    0x200073f0        -       0x000000f0   Zero   RW         5394    .bss                etharp.o
    0x200074e0        -       0x00000654   Zero   RW         6598    .bss                mem.o
    0x20007b34        -       0x00000080   Zero   RW         6656    .bss                memp.o
    0x20007bb4        -       0x000002f8   Zero   RW         6657    .bss                memp.o
    0x20007eac        -       0x000000e0   Zero   RW         6658    .bss                memp.o
    0x20007f8c        -       0x00000100   Zero   RW         6659    .bss                memp.o
    0x2000808c        -       0x000000a0   Zero   RW         6660    .bss                memp.o
    0x2000812c        -       0x00000168   Zero   RW         6661    .bss                memp.o
    0x20008294        -       0x00000020   Zero   RW         6662    .bss                memp.o
    0x200082b4        -       0x000000b0   Zero   RW         6663    .bss                memp.o
    0x20008364        -       0x00000080   Zero   RW         6664    .bss                memp.o
    0x200083e4        -       0x00000080   Zero   RW         6665    .bss                memp.o
    0x20008464        -       0x00000030   Zero   RW         6666    .bss                memp.o
    0x20008494        -       0x00000100   Zero   RW         6667    .bss                memp.o
    0x20008594        -       0x00002600   Zero   RW         6668    .bss                memp.o
    0x2000ab94        -       0x00000010   Zero   RW         7376    .bss                tcp_in.o
    0x2000aba4        -       0x00000018   Zero   RW         7753    .bss                ip4.o
    0x2000abbc   COMPRESSED   0x00000004   PAD
    0x2000abc0        -       0x00000400   Zero   RW            1    STACK               startup_stm32f746xx.o


==============================================================================

Image component sizes


      Code (inc. data)   RO Data    RW Data    ZI Data      Debug   Object Name

         0          0          0          0          0       2064   api_lib.o
       326         10          0          0          0      18084   cmsis_os.o
        16          0          0          0          0       2822   def.o
      1700         70         12          1        240      16444   etharp.o
       932         78         26          4      12520      10718   ethernetif.o
         0          0          0          0          0      10608   freertos.o
       480         24          0         24      15360       9087   heap_4.o
       352          6          0          0          0       3870   icmp.o
        34          0          0          0          0      10327   init.o
       634         28          0          2         24       8997   ip4.o
        46          0          4          0          0       6346   ip4_addr.o
      1342         34          0          8          0      10606   ip_frag.o
       136          0          0          0          0       3742   list.o
       188         22          0         24         48     475690   lwip.o
       396         62          0          8          0       6639   lwip_timers.o
       620         62         32          4       1072     425982   main.o
       636         32          0         16       1620       5693   mem.o
       152         16        156        104      12384      10931   memp.o
       290         18          0         12          0       9507   netif.o
      1058         32          0          1          0      13130   pbuf.o
       738         82          0         12          0      18069   port.o
      1652         14          0          0          0      13661   queue.o
        36          8        456          0       1024        868   startup_stm32f746xx.o
        72         12          0          4          0       3344   stm32f7xx_hal.o
       218         14          0          0          0      36261   stm32f7xx_hal_cortex.o
      1982         68          0          0          0      13200   stm32f7xx_hal_eth.o
       486         54          0          0          0       2744   stm32f7xx_hal_gpio.o
       256         20          0          0          0       2343   stm32f7xx_hal_msp.o
       204          0          0          0          0       1599   stm32f7xx_hal_pcd.o
        40          6          0          0          0       1068   stm32f7xx_hal_pcd_ex.o
       108         10          0          0          0       1356   stm32f7xx_hal_pwr_ex.o
      1416         78          0          0          0       6669   stm32f7xx_hal_rcc.o
      1664         32          0          0          0       2500   stm32f7xx_hal_rcc_ex.o
       658         44          0          0          0       7708   stm32f7xx_hal_tim.o
         4          0          0          0          0       1810   stm32f7xx_hal_tim_ex.o
       116         16          0          0         60       1552   stm32f7xx_hal_timebase_tim.o
      1064         70          0          0          0       5209   stm32f7xx_hal_uart.o
        44         12          0          0          0       5222   stm32f7xx_it.o
       648         36          0          0          0       6853   stm32f7xx_ll_usb.o
       356         10          0          2          0       8841   sys_arch.o
        84         18         24          4          0       1251   system_stm32f7xx.o
      2168        176          0         56        240      22336   tasks.o
      2320         72        201         32          0      30255   tcp.o
      4152        124          0         32         16      21715   tcp_in.o
      1804         10          0          0          0      13079   tcp_out.o
         0          0          0          0          0        840   tcpecho.o
       348         40          0         12          0      10267   tcpip.o
       322         16          0          8          0       5057   udp.o

    ----------------------------------------------------------------------
     32354       1536        948        380      44612    1306964   Object Totals
         0          0         32          0          0          0   (incl. Generated)
        56          0          5         10          4          0   (incl. Padding)

    ----------------------------------------------------------------------

      Code (inc. data)   RO Data    RW Data    ZI Data      Debug   Library Member Name

        86          0          0          0          0          0   __dczerorl2.o
         0          0          0          0          0          0   entry.o
         0          0          0          0          0          0   entry10a.o
         0          0          0          0          0          0   entry11a.o
         8          4          0          0          0          0   entry2.o
         4          0          0          0          0          0   entry5.o
         0          0          0          0          0          0   entry7b.o
         0          0          0          0          0          0   entry8b.o
         8          4          0          0          0          0   entry9a.o
        30          0          0          0          0          0   handlers.o
        36          8          0          0          0         68   init.o
        26          0          0          0          0         80   memcmp.o
        36          0          0          0          0         68   memcpya.o
        36          0          0          0          0        108   memseta.o

    ----------------------------------------------------------------------
       274         16          0          0          0        324   Library Totals
         4          0          0          0          0          0   (incl. Padding)

    ----------------------------------------------------------------------

      Code (inc. data)   RO Data    RW Data    ZI Data      Debug   Library Name

       270         16          0          0          0        324   mc_w.l

    ----------------------------------------------------------------------
       274         16          0          0          0        324   Library Totals

    ----------------------------------------------------------------------

==============================================================================


      Code (inc. data)   RO Data    RW Data    ZI Data      Debug   

     32628       1552        948        380      44612    1279968   Grand Totals
     32628       1552        948         64      44612    1279968   ELF Image Totals (compressed)
     32628       1552        948         64          0          0   ROM Totals

==============================================================================

    Total RO  Size (Code + RO Data)                33576 (  32.79kB)
    Total RW  Size (RW Data + ZI Data)             44992 (  43.94kB)
    Total ROM Size (Code + RO Data + RW Data)      33640 (  32.85kB)

==============================================================================

